 detection

 Timestamp is 5b356e91 (Thu Jun 28 16:26:09 2018)

 Preferred load address is 0000000180000000

 Start         Length     Name                   Class
 0001:00000000 00000060H .text$di                CODE
 0001:00000060 000188b0H .text$mn                CODE
 0001:00018910 00000020H .text$mn$00             CODE
 0001:00018930 000003d0H .text$x                 CODE
 0001:00018d00 00000078H .text$yd                CODE
 0002:00000000 00000430H .idata$5                DATA
 0002:00000430 00000010H .00cfg                  DATA
 0002:00000440 00000008H .CRT$XCA                DATA
 0002:00000448 00000008H .CRT$XCL                DATA
 0002:00000450 00000010H .CRT$XCU                DATA
 0002:00000460 00000008H .CRT$XCZ                DATA
 0002:00000468 00000008H .CRT$XIA                DATA
 0002:00000470 00000018H .CRT$XIC                DATA
 0002:00000488 00000008H .CRT$XIZ                DATA
 0002:00000490 00000008H .CRT$XPA                DATA
 0002:00000498 00000010H .CRT$XPX                DATA
 0002:000004a8 00000008H .CRT$XPXA               DATA
 0002:000004b0 00000008H .CRT$XPZ                DATA
 0002:000004b8 00000008H .CRT$XTA                DATA
 0002:000004c0 00000010H .CRT$XTZ                DATA
 0002:000004c8 00000000H .gfids$y                DATA
 0002:000004d0 00008230H .rdata                  DATA
 0002:00008700 00000404H .rdata$r                DATA
 0002:00008b04 00000374H .rdata$zzzdbg           DATA
 0002:00008e78 00000008H .rtc$IAA                DATA
 0002:00008e80 00000008H .rtc$IZZ                DATA
 0002:00008e88 00000008H .rtc$TAA                DATA
 0002:00008e90 00000008H .rtc$TZZ                DATA
 0002:00008e98 000016b0H .xdata                  DATA
 0002:0000a548 00000248H .xdata$x                DATA
 0002:0000a790 00000000H ATL$__a                 DATA
 0002:0000a790 00000000H ATL$__z                 DATA
 0002:0000a790 00000058H .edata                  DATA
 0002:0000a7e8 00000050H .idata$2                DATA
 0002:0000a838 00000018H .idata$3                DATA
 0002:0000a850 00000430H .idata$4                DATA
 0002:0000ac80 00001134H .idata$6                DATA
 0003:00000000 00000990H .data                   DATA
 0003:00000990 00000140H .data$r                 DATA
 0003:00000ad0 00001514H .bss                    DATA
 0004:00000000 0000195cH .pdata                  DATA
 0005:00000000 00000060H .rsrc$01                DATA
 0005:00000060 00000180H .rsrc$02                DATA

  Address         Publics by Value              Rva+Base               Lib:Object

 0000:00000000       __guard_iat_count          0000000000000000     <absolute>
 0000:00000000       __dynamic_value_reloc_table 0000000000000000     <absolute>
 0000:00000000       __hybrid_code_map          0000000000000000     <absolute>
 0000:00000000       __hybrid_code_map_count    0000000000000000     <absolute>
 0000:00000000       __guard_iat_table          0000000000000000     <absolute>
 0000:00000000       __hybrid_auxiliary_iat     0000000000000000     <absolute>
 0000:00000000       __guard_longjmp_table      0000000000000000     <absolute>
 0000:00000000       __guard_longjmp_count      0000000000000000     <absolute>
 0000:00000000       __guard_fids_count         0000000000000000     <absolute>
 0000:00000000       __enclave_config           0000000000000000     <absolute>
 0000:00000000       ___safe_se_handler_table   0000000000000000     <absolute>
 0000:00000000       ___safe_se_handler_count   0000000000000000     <absolute>
 0000:00000000       __guard_fids_table         0000000000000000     <absolute>
 0000:00000100       __guard_flags              0000000000000100     <absolute>
 0000:00000000       __ImageBase                0000000180000000     <linker-defined>
 0001:00000140       ?ThrowTypeError@Nan@@YAXPEBD@Z 0000000180001140 f i detection.obj
 0001:000001d0       ?Call@Callback@Nan@@QEBA?AV?$Local@VValue@v8@@@v8@@HQEAV34@@Z 00000001800011d0 f i detection.obj
 0001:000003f0       ??1ListResultItem_t@@QEAA@XZ 00000001800013f0 f i detection.obj
 0001:000004f0       ?RegisterAdded@@YAXAEBV?$FunctionCallbackInfo@VValue@v8@@@Nan@@@Z 00000001800014f0 f   detection.obj
 0001:000005d0       ?NotifyAdded@@YAXPEAUListResultItem_t@@@Z 00000001800015d0 f   detection.obj
 0001:000009b0       ?RegisterRemoved@@YAXAEBV?$FunctionCallbackInfo@VValue@v8@@@Nan@@@Z 00000001800019b0 f   detection.obj
 0001:00000a90       ?NotifyRemoved@@YAXPEAUListResultItem_t@@@Z 0000000180001a90 f   detection.obj
 0001:00000e70       ?Find@@YAXAEBV?$FunctionCallbackInfo@VValue@v8@@@Nan@@@Z 0000000180001e70 f   detection.obj
 0001:000011a0       ?EIO_AfterFind@@YAXPEAUuv_work_s@@@Z 00000001800021a0 f   detection.obj
 0001:000016d0       ?StartMonitoring@@YAXAEBV?$FunctionCallbackInfo@VValue@v8@@@Nan@@@Z 00000001800026d0 f   detection.obj
 0001:000017a0       ?cbTerminate@@YAXPEAUuv_signal_s@@H@Z 00000001800027a0 f   detection_win.obj
 0001:000017a0       ?StopMonitoring@@YAXAEBV?$FunctionCallbackInfo@VValue@v8@@@Nan@@@Z 00000001800027a0 f   detection.obj
 0001:000017f0       init                       00000001800027f0 f   detection.obj
 0001:00001880       ??$SetMethod@VObject@v8@@VLocal@2@@Nan@@YAXV?$Local@VObject@v8@@@v8@@PEBDP6AXAEBV?$FunctionCallbackInfo@VValue@v8@@@0@@Z@Z 0000000180002880 f i detection.obj
 0001:00001ab0       ??$SetMethodAux@V?$Local@VObject@v8@@@v8@@@imp@Nan@@YAXV?$Local@VObject@v8@@@v8@@V?$Local@VString@v8@@@3@V?$Local@VFunctionTemplate@v8@@@3@ZZ 0000000180002ab0 f i detection.obj
 0001:00001b40       ?AddItemToList@@YAXPEADPEAU_DeviceItem_t@@@Z 0000000180002b40 f   deviceList.obj
 0001:00001c70       ?GetItemFromList@@YAPEAU_DeviceItem_t@@PEAD@Z 0000000180002c70 f   deviceList.obj
 0001:00001e10       ?IsItemAlreadyStored@@YA_NPEAD@Z 0000000180002e10 f   deviceList.obj
 0001:00001fb0       ?CopyElement@@YAPEAUListResultItem_t@@PEAU1@@Z 0000000180002fb0 f   deviceList.obj
 0001:000020b0       ?erase@?$_Tree@V?$_Tmap_traits@V?$basic_string@DU?$char_traits@D@std@@V?$allocator@D@2@@std@@PEAU_DeviceItem_t@@U?$less@V?$basic_string@DU?$char_traits@D@std@@V?$allocator@D@2@@std@@@2@V?$allocator@U?$pair@$$CBV?$basic_string@DU?$char_traits@D@std@@V?$allocator@D@2@@std@@PEAU_DeviceItem_t@@@std@@@2@$0A@@std@@@std@@QEAA?AV?$_Tree_iterator@V?$_Tree_val@U?$_Tree_simple_types@U?$pair@$$CBV?$basic_string@DU?$char_traits@D@std@@V?$allocator@D@2@@std@@PEAU_DeviceItem_t@@@std@@@std@@@std@@@2@V?$_Tree_const_iterator@V?$_Tree_val@U?$_Tree_simple_types@U?$pair@$$CBV?$basic_string@DU?$char_traits@D@std@@V?$allocator@D@2@@std@@PEAU_DeviceItem_t@@@std@@@std@@@std@@@2@0@Z 00000001800030b0 f i deviceList.obj
 0001:00002280       ?assign@?$basic_string@DU?$char_traits@D@std@@V?$allocator@D@2@@std@@QEAAAEAV12@QEBD_K@Z 0000000180003280 f i deviceList.obj
 0001:000023d0       ?_Extract@?$_Tree_val@U?$_Tree_simple_types@U?$pair@$$CBV?$basic_string@DU?$char_traits@D@std@@V?$allocator@D@2@@std@@PEAU_DeviceItem_t@@@std@@@std@@@std@@QEAAPEAU?$_Tree_node@U?$pair@$$CBV?$basic_string@DU?$char_traits@D@std@@V?$allocator@D@2@@std@@PEAU_DeviceItem_t@@@std@@PEAX@2@V?$_Tree_const_iterator@V?$_Tree_val@U?$_Tree_simple_types@U?$pair@$$CBV?$basic_string@DU?$char_traits@D@std@@V?$allocator@D@2@@std@@PEAU_DeviceItem_t@@@std@@@std@@@std@@@2@@Z 00000001800033d0 f i deviceList.obj
 0001:00002880       ?_Erase@?$_Tree@V?$_Tmap_traits@V?$basic_string@DU?$char_traits@D@std@@V?$allocator@D@2@@std@@PEAU_DeviceItem_t@@U?$less@V?$basic_string@DU?$char_traits@D@std@@V?$allocator@D@2@@std@@@2@V?$allocator@U?$pair@$$CBV?$basic_string@DU?$char_traits@D@std@@V?$allocator@D@2@@std@@PEAU_DeviceItem_t@@@std@@@2@$0A@@std@@@std@@IEAAXPEAU?$_Tree_node@U?$pair@$$CBV?$basic_string@DU?$char_traits@D@std@@V?$allocator@D@2@@std@@PEAU_DeviceItem_t@@@std@@PEAX@2@@Z 0000000180003880 f i deviceList.obj
 0001:00002930       ?_Xlen@?$basic_string@DU?$char_traits@D@std@@V?$allocator@D@2@@std@@SAXXZ 0000000180003930 f i deviceList.obj
 0001:00002950       ??$_Eqrange@V?$basic_string@DU?$char_traits@D@std@@V?$allocator@D@2@@std@@@?$_Tree@V?$_Tmap_traits@V?$basic_string@DU?$char_traits@D@std@@V?$allocator@D@2@@std@@PEAU_DeviceItem_t@@U?$less@V?$basic_string@DU?$char_traits@D@std@@V?$allocator@D@2@@std@@@2@V?$allocator@U?$pair@$$CBV?$basic_string@DU?$char_traits@D@std@@V?$allocator@D@2@@std@@PEAU_DeviceItem_t@@@std@@@2@$0A@@std@@@std@@IEBA?AU?$pair@V?$_Tree_const_iterator@V?$_Tree_val@U?$_Tree_simple_types@U?$pair@$$CBV?$basic_string@DU?$char_traits@D@std@@V?$allocator@D@2@@std@@PEAU_DeviceItem_t@@@std@@@std@@@std@@@std@@V12@@1@AEBV?$basic_string@DU?$char_traits@D@std@@V?$allocator@D@2@@1@@Z 0000000180003950 f i deviceList.obj
 0001:00002ae0       ??$_Insert_nohint@AEAU?$pair@$$CBV?$basic_string@DU?$char_traits@D@std@@V?$allocator@D@2@@std@@PEAU_DeviceItem_t@@@std@@PEAU?$_Tree_node@U?$pair@$$CBV?$basic_string@DU?$char_traits@D@std@@V?$allocator@D@2@@std@@PEAU_DeviceItem_t@@@std@@PEAX@2@@?$_Tree@V?$_Tmap_traits@V?$basic_string@DU?$char_traits@D@std@@V?$allocator@D@2@@std@@PEAU_DeviceItem_t@@U?$less@V?$basic_string@DU?$char_traits@D@std@@V?$allocator@D@2@@std@@@2@V?$allocator@U?$pair@$$CBV?$basic_string@DU?$char_traits@D@std@@V?$allocator@D@2@@std@@PEAU_DeviceItem_t@@@std@@@2@$0A@@std@@@std@@IEAA?AU?$pair@V?$_Tree_iterator@V?$_Tree_val@U?$_Tree_simple_types@U?$pair@$$CBV?$basic_string@DU?$char_traits@D@std@@V?$allocator@D@2@@std@@PEAU_DeviceItem_t@@@std@@@std@@@std@@@std@@_N@1@_NAEAU?$pair@$$CBV?$basic_string@DU?$char_traits@D@std@@V?$allocator@D@2@@std@@PEAU_DeviceItem_t@@@1@PEAU?$_Tree_node@U?$pair@$$CBV?$basic_string@DU?$char_traits@D@std@@V?$allocator@D@2@@std@@PEAU_DeviceItem_t@@@std@@PEAX@1@@Z 0000000180003ae0 f i deviceList.obj
 0001:00002cc0       ?_Destroy_if_node@?$_Tree@V?$_Tmap_traits@V?$basic_string@DU?$char_traits@D@std@@V?$allocator@D@2@@std@@PEAU_DeviceItem_t@@U?$less@V?$basic_string@DU?$char_traits@D@std@@V?$allocator@D@2@@std@@@2@V?$allocator@U?$pair@$$CBV?$basic_string@DU?$char_traits@D@std@@V?$allocator@D@2@@std@@PEAU_DeviceItem_t@@@std@@@2@$0A@@std@@@std@@IEAAXPEAU?$_Tree_node@U?$pair@$$CBV?$basic_string@DU?$char_traits@D@std@@V?$allocator@D@2@@std@@PEAU_DeviceItem_t@@@std@@PEAX@2@@Z 0000000180003cc0 f i deviceList.obj
 0001:00002d30       ??$_Insert_at@AEAU?$pair@$$CBV?$basic_string@DU?$char_traits@D@std@@V?$allocator@D@2@@std@@PEAU_DeviceItem_t@@@std@@PEAU?$_Tree_node@U?$pair@$$CBV?$basic_string@DU?$char_traits@D@std@@V?$allocator@D@2@@std@@PEAU_DeviceItem_t@@@std@@PEAX@2@@?$_Tree@V?$_Tmap_traits@V?$basic_string@DU?$char_traits@D@std@@V?$allocator@D@2@@std@@PEAU_DeviceItem_t@@U?$less@V?$basic_string@DU?$char_traits@D@std@@V?$allocator@D@2@@std@@@2@V?$allocator@U?$pair@$$CBV?$basic_string@DU?$char_traits@D@std@@V?$allocator@D@2@@std@@PEAU_DeviceItem_t@@@std@@@2@$0A@@std@@@std@@IEAA?AV?$_Tree_iterator@V?$_Tree_val@U?$_Tree_simple_types@U?$pair@$$CBV?$basic_string@DU?$char_traits@D@std@@V?$allocator@D@2@@std@@PEAU_DeviceItem_t@@@std@@@std@@@std@@@1@_NPEAU?$_Tree_node@U?$pair@$$CBV?$basic_string@DU?$char_traits@D@std@@V?$allocator@D@2@@std@@PEAU_DeviceItem_t@@@std@@PEAX@1@AEAU?$pair@$$CBV?$basic_string@DU?$char_traits@D@std@@V?$allocator@D@2@@std@@PEAU_DeviceItem_t@@@1@1@Z 0000000180003d30 f i deviceList.obj
 0001:00003020       __local_stdio_printf_options 0000000180004020 f i detection_win.obj
 0001:00003030       printf                     0000000180004030 f i detection_win.obj
 0001:00003090       ?_AtlRaiseException@ATL@@YAXKK@Z 0000000180004090 f i detection_win.obj
 0001:000030a0       ?AtlThrowImpl@ATL@@YAXJ@Z  00000001800040a0 f i detection_win.obj
 0001:000030d0       ?_AtlInitializeCriticalSectionEx@ATL@@YAHPEAU_RTL_CRITICAL_SECTION@@KK@Z 00000001800040d0 f i detection_win.obj
 0001:000030e0       ?_AtlGetStringResourceImage@ATL@@YAPEBUATLSTRINGRESOURCEIMAGE@1@PEAUHINSTANCE__@@PEAUHRSRC__@@I@Z 00000001800040e0 f i detection_win.obj
 0001:00003170       ?Allocate@CWin32Heap@ATL@@UEAAPEAX_K@Z 0000000180004170 f i detection_win.obj
 0001:00003180       ?Free@CWin32Heap@ATL@@UEAAXPEAX@Z 0000000180004180 f i detection_win.obj
 0001:000031a0       ?Reallocate@CWin32Heap@ATL@@UEAAPEAXPEAX_K@Z 00000001800041a0 f i detection_win.obj
 0001:000031e0       ?GetSize@CWin32Heap@ATL@@UEAA_KPEAX@Z 00000001800041e0 f i detection_win.obj
 0001:000031f0       ??_ECWin32Heap@ATL@@UEAAPEAXI@Z 00000001800041f0 f i * CIL library *:* CIL module *
 0001:000031f0       ??_GCWin32Heap@ATL@@UEAAPEAXI@Z 00000001800041f0 f i detection_win.obj
 0001:00003240       ?GetInstance@CAtlStringMgr@ATL@@SAPEAUIAtlStringMgr@2@XZ 0000000180004240 f i detection_win.obj
 0001:00003310       ?Allocate@CAtlStringMgr@ATL@@UEAAPEAUCStringData@2@HH@Z 0000000180004310 f i detection_win.obj
 0001:000033b0       ?Free@CAtlStringMgr@ATL@@UEAAXPEAUCStringData@2@@Z 00000001800043b0 f i detection_win.obj
 0001:000033c0       ?Reallocate@CAtlStringMgr@ATL@@UEAAPEAUCStringData@2@PEAU32@HH@Z 00000001800043c0 f i detection_win.obj
 0001:00003430       ?GetNilString@CAtlStringMgr@ATL@@UEAAPEAUCStringData@2@XZ 0000000180004430 f i detection_win.obj
 0001:00003440       ?Clone@CAtlStringMgr@ATL@@UEAAPEAUIAtlStringMgr@2@XZ 0000000180004440 f i detection_win.obj
 0001:00003450       ??_ECAtlStringMgr@ATL@@UEAAPEAXI@Z 0000000180004450 f i * CIL library *:* CIL module *
 0001:00003450       ??_GCAtlStringMgr@ATL@@UEAAPEAXI@Z 0000000180004450 f i detection_win.obj
 0001:00003470       ?cbWork@@YAXPEAUuv_work_s@@@Z 0000000180004470 f   detection_win.obj
 0001:000034d0       ?cbAfter@@YAXPEAUuv_work_s@@@Z 00000001800044d0 f   detection_win.obj
 0001:00003570       ?InitDetection@@YAXXZ      0000000180004570 f   detection_win.obj
 0001:000038d0       ?EIO_Find@@YAXPEAUuv_work_s@@@Z 00000001800048d0 f   detection_win.obj
 0001:00003a30       ?DetectCallback@@YA_JPEAUHWND__@@I_K_J@Z 0000000180004a30 f   detection_win.obj
 0001:00003a80       ?ListenerThread@@YAKPEAX@Z 0000000180004a80 f   detection_win.obj
 0001:00003c60       ?ExtractDeviceInfo@@YAXPEAXPEAU_SP_DEVINFO_DATA@@PEADKPEAUListResultItem_t@@@Z 0000000180004c60 f   detection_win.obj
 0001:00004120       ?UpdateDevice@@YAXPEAU_DEV_BROADCAST_DEVICEINTERFACE_A@@_KW4_DeviceState_t@@@Z 0000000180005120 f   detection_win.obj
 0001:000048a0       ?LoadStringA@?$CStringT@DV?$StrTraitATL@DV?$ChTraitsCRT@D@ATL@@@ATL@@@ATL@@QEAAHI@Z 00000001800058a0 f i detection_win.obj
 0001:00004a30       ?CloneData@?$CSimpleStringT@D$0A@@ATL@@CAPEAUCStringData@2@PEAU32@@Z 0000000180005a30 f i detection_win.obj
 0001:00004ab0       ?SetString@?$CSimpleStringT@D$0A@@ATL@@QEAAXPEBDH@Z 0000000180005ab0 f i detection_win.obj
 0001:00004c10       ?PrepareWrite2@?$CSimpleStringT@D$0A@@ATL@@AEAAXH@Z 0000000180005c10 f i detection_win.obj
 0001:00004c70       ?ThrowMemoryException@?$CSimpleStringT@D$0A@@ATL@@KAXXZ 0000000180005c70 f i detection_win.obj
 0001:00004c80       ?CopyChars@?$CSimpleStringT@D$0A@@ATL@@SAXPEAD_KPEBDH@Z 0000000180005c80 f i detection_win.obj
 0001:00004d10       ?Reallocate@?$CSimpleStringT@D$0A@@ATL@@AEAAXH@Z 0000000180005d10 f i detection_win.obj
 0001:00004d60       ?Fork@?$CSimpleStringT@D$0A@@ATL@@AEAAXH@Z 0000000180005d60 f i detection_win.obj
 0001:00004e20       ?_Xran@?$_String_val@U?$_Simple_types@D@std@@@std@@SAXXZ 0000000180005e20 f i detection_win.obj
 0001:00004e40       ??$_snprintf_s@$0EA@@@YAHAEAY0EA@D_KPEBDZZ 0000000180005e40 f i detection_win.obj
 0001:00004ea4       ??0bad_alloc@std@@QEAA@AEBV01@@Z 0000000180005ea4 f i libcpmt:xthrow.obj
 0001:00004ee4       ??0bad_alloc@std@@QEAA@XZ  0000000180005ee4 f i libcpmt:xthrow.obj
 0001:00004f04       ??0exception@std@@QEAA@AEBV01@@Z 0000000180005f04 f i libcpmt:xthrow.obj
 0001:00004f3c       ??0length_error@std@@QEAA@AEBV01@@Z 0000000180005f3c f i libcpmt:xthrow.obj
 0001:00004f7c       ??0length_error@std@@QEAA@PEBD@Z 0000000180005f7c f i libcpmt:xthrow.obj
 0001:00004fc8       ??0logic_error@std@@QEAA@AEBV01@@Z 0000000180005fc8 f i libcpmt:xthrow.obj
 0001:00005008       ??0out_of_range@std@@QEAA@AEBV01@@Z 0000000180006008 f i libcpmt:xthrow.obj
 0001:00005048       ??0out_of_range@std@@QEAA@PEBD@Z 0000000180006048 f i libcpmt:xthrow.obj
 0001:00005094       ??1bad_alloc@std@@UEAA@XZ  0000000180006094 f i libcpmt:xthrow.obj
 0001:00005094       ??1bad_array_new_length@std@@UEAA@XZ 0000000180006094 f i LIBCMT:throw_bad_alloc.obj
 0001:00005094       ??1out_of_range@std@@UEAA@XZ 0000000180006094 f i libcpmt:xthrow.obj
 0001:00005094       ??1length_error@std@@UEAA@XZ 0000000180006094 f i libcpmt:xthrow.obj
 0001:00005094       ??1bad_exception@std@@UEAA@XZ 0000000180006094 f i libvcruntime:frame.obj
 0001:000050a8       ??_Ebad_array_new_length@std@@UEAAPEAXI@Z 00000001800060a8 f i LIBCMT:throw_bad_alloc.obj
 0001:000050a8       ??_Ebad_exception@std@@UEAAPEAXI@Z 00000001800060a8 f i libvcruntime:frame.obj
 0001:000050a8       ??_Ebad_alloc@std@@UEAAPEAXI@Z 00000001800060a8 f i libcpmt:xthrow.obj
 0001:000050a8       ??_Elogic_error@std@@UEAAPEAXI@Z 00000001800060a8 f i libcpmt:xthrow.obj
 0001:000050a8       ??_Glogic_error@std@@UEAAPEAXI@Z 00000001800060a8 f i libcpmt:xthrow.obj
 0001:000050a8       ??_Gbad_array_new_length@std@@UEAAPEAXI@Z 00000001800060a8 f i LIBCMT:throw_bad_alloc.obj
 0001:000050a8       ??_Gout_of_range@std@@UEAAPEAXI@Z 00000001800060a8 f i libcpmt:xthrow.obj
 0001:000050a8       ??_Elength_error@std@@UEAAPEAXI@Z 00000001800060a8 f i libcpmt:xthrow.obj
 0001:000050a8       ??_Eexception@std@@UEAAPEAXI@Z 00000001800060a8 f i libcpmt:xthrow.obj
 0001:000050a8       ??_Gbad_exception@std@@UEAAPEAXI@Z 00000001800060a8 f i libvcruntime:frame.obj
 0001:000050a8       ??_Eout_of_range@std@@UEAAPEAXI@Z 00000001800060a8 f i libcpmt:xthrow.obj
 0001:000050a8       ??_Gexception@std@@UEAAPEAXI@Z 00000001800060a8 f i libcpmt:xthrow.obj
 0001:000050a8       ??_Glength_error@std@@UEAAPEAXI@Z 00000001800060a8 f i libcpmt:xthrow.obj
 0001:000050a8       ??_Gbad_alloc@std@@UEAAPEAXI@Z 00000001800060a8 f i libcpmt:xthrow.obj
 0001:000050ec       ?_Xlength_error@std@@YAXPEBD@Z 00000001800060ec f   libcpmt:xthrow.obj
 0001:00005110       ?_Xout_of_range@std@@YAXPEBD@Z 0000000180006110 f   libcpmt:xthrow.obj
 0001:00005134       ?what@exception@std@@UEBAPEBDXZ 0000000180006134 f i libcpmt:xthrow.obj
 0001:00005160       __security_check_cookie    0000000180006160 f   LIBCMT:_amdsecgs_.obj
 0001:00005184       ??2@YAPEAX_K@Z             0000000180006184 f   LIBCMT:new_scalar.obj
 0001:000051c0       ??3@YAXPEAX@Z              00000001800061c0 f   LIBCMT:delete_scalar.obj
 0001:000051c8       ??3@YAXPEAX_K@Z            00000001800061c8 f   LIBCMT:delete_scalar_size.obj
 0001:000051d0       __scrt_acquire_startup_lock 00000001800061d0 f   LIBCMT:utility.obj
 0001:0000520c       __scrt_dllmain_after_initialize_c 000000018000620c f   LIBCMT:utility.obj
 0001:00005240       __scrt_dllmain_before_initialize_c 0000000180006240 f   LIBCMT:utility.obj
 0001:00005258       __scrt_dllmain_crt_thread_attach 0000000180006258 f   LIBCMT:utility.obj
 0001:00005280       __scrt_dllmain_crt_thread_detach 0000000180006280 f   LIBCMT:utility.obj
 0001:00005298       __scrt_dllmain_exception_filter 0000000180006298 f   LIBCMT:utility.obj
 0001:000052f8       __scrt_dllmain_uninitialize_c 00000001800062f8 f   LIBCMT:utility.obj
 0001:00005328       __scrt_dllmain_uninitialize_critical 0000000180006328 f   LIBCMT:utility.obj
 0001:0000533c       __scrt_initialize_crt      000000018000633c f   LIBCMT:utility.obj
 0001:00005388       __scrt_initialize_onexit_tables 0000000180006388 f   LIBCMT:utility.obj
 0001:00005464       __scrt_is_nonwritable_in_current_image 0000000180006464 f   LIBCMT:utility.obj
 0001:00005500       __scrt_release_startup_lock 0000000180006500 f   LIBCMT:utility.obj
 0001:00005524       __scrt_uninitialize_crt    0000000180006524 f   LIBCMT:utility.obj
 0001:00005550       _onexit                    0000000180006550 f   LIBCMT:utility.obj
 0001:000055a0       atexit                     00000001800065a0 f   LIBCMT:utility.obj
 0001:000055b8       ??_U@YAPEAX_K@Z            00000001800065b8 f   LIBCMT:new_array.obj
 0001:000058e0       _DllMainCRTStartup         00000001800068e0 f   LIBCMT:dll_dllmain.obj
 0001:00005920       ??_Etype_info@@UEAAPEAXI@Z 0000000180006920 f i LIBCMT:std_type_info_static.obj
 0001:00005920       ??_Gtype_info@@UEAAPEAXI@Z 0000000180006920 f i LIBCMT:std_type_info_static.obj
 0001:0000594c       __raise_securityfailure    000000018000694c f   LIBCMT:gs_report.obj
 0001:00005980       __report_gsfailure         0000000180006980 f   LIBCMT:gs_report.obj
 0001:00005a54       __report_rangecheckfailure 0000000180006a54 f   LIBCMT:gs_report.obj
 0001:00005a68       __report_securityfailure   0000000180006a68 f   LIBCMT:gs_report.obj
 0001:00005be8       ??0bad_array_new_length@std@@QEAA@AEBV01@@Z 0000000180006be8 f i LIBCMT:throw_bad_alloc.obj
 0001:00005c28       ??0bad_array_new_length@std@@QEAA@XZ 0000000180006c28 f i LIBCMT:throw_bad_alloc.obj
 0001:00005c48       ?__scrt_throw_std_bad_alloc@@YAXXZ 0000000180006c48 f   LIBCMT:throw_bad_alloc.obj
 0001:00005c68       ?__scrt_throw_std_bad_array_new_length@@YAXXZ 0000000180006c68 f   LIBCMT:throw_bad_alloc.obj
 0001:00005c88       __isa_available_init       0000000180006c88 f   LIBCMT:_cpu_disp_.obj
 0001:00005e44       DllMain                    0000000180006e44 f   LIBCMT:dll_dllmain_stub.obj
 0001:00005e44       _get_startup_argv_mode     0000000180006e44 f   LIBCMT:argv_mode.obj
 0001:00005e4c       __scrt_is_ucrt_dll_in_use  0000000180006e4c f   LIBCMT:ucrt_detection.obj
 0001:00005e58       __crt_debugger_hook        0000000180006e58 f   LIBCMT:utility_desktop.obj
 0001:00005e60       __scrt_fastfail            0000000180006e60 f   LIBCMT:utility_desktop.obj
 0001:00005fac       _guard_check_icall_nop     0000000180006fac f i LIBCMT:guard_support.obj
 0001:00005fb0       __security_init_cookie     0000000180006fb0 f   LIBCMT:gs_support.obj
 0001:00006060       ?__scrt_initialize_type_info@@YAXXZ 0000000180007060 f   LIBCMT:tncleanup.obj
 0001:00006070       ?__scrt_uninitialize_type_info@@YAXXZ 0000000180007070 f   LIBCMT:tncleanup.obj
 0001:0000607c       __local_stdio_scanf_options 000000018000707c f i LIBCMT:default_local_stdio_options.obj
 0001:00006084       __scrt_initialize_default_local_stdio_options 0000000180007084 f   LIBCMT:default_local_stdio_options.obj
 0001:000060a0       __scrt_get_dyn_tls_init_callback 00000001800070a0 f   LIBCMT:dyn_tls_init.obj
 0001:000060a8       _RTC_Initialize            00000001800070a8 f   LIBCMT:_initsect_.obj
 0001:000060e4       _RTC_Terminate             00000001800070e4 f   LIBCMT:_initsect_.obj
 0001:00006120       ??0CAtlBaseModule@ATL@@QEAA@XZ 0000000180007120 f   atls:atlbase.obj
 0001:000061c8       ??1CAtlBaseModule@ATL@@QEAA@XZ 00000001800071c8 f   atls:atlbase.obj
 0001:000061fc       ?GetHInstanceAt@CAtlBaseModule@ATL@@QEAAPEAUHINSTANCE__@@H@Z 00000001800071fc f   atls:atlbase.obj
 0001:00006274       strstr                     0000000180007274 f   libvcruntime:strstr.obj
 0001:00006474       __std_exception_copy       0000000180007474 f   libvcruntime:std_exception.obj
 0001:00006504       __std_exception_destroy    0000000180007504 f   libvcruntime:std_exception.obj
 0001:0000652c       _CxxThrowException         000000018000752c f   libvcruntime:throw.obj
 0001:000065ec       __vcrt_initialize          00000001800075ec f   libvcruntime:initialization.obj
 0001:00006620       __vcrt_thread_attach       0000000180007620 f   libvcruntime:initialization.obj
 0001:00006634       __vcrt_thread_detach       0000000180007634 f   libvcruntime:initialization.obj
 0001:00006648       __vcrt_uninitialize        0000000180007648 f   libvcruntime:initialization.obj
 0001:00006668       __vcrt_uninitialize_critical 0000000180007668 f   libvcruntime:initialization.obj
 0001:00006678       __C_specific_handler       0000000180007678 f   libvcruntime:_riscchandler_.obj
 0001:000068a0       memset                     00000001800078a0 f   libvcruntime:memset.obj
 0001:00006a50       __std_type_info_compare    0000000180007a50 f   libvcruntime:std_type_info.obj
 0001:00006a78       __std_type_info_destroy_list 0000000180007a78 f   libvcruntime:std_type_info.obj
 0001:00006ac0       memcpy                     0000000180007ac0 f   libvcruntime:memcpy.obj
 0001:00006ac0       memmove                    0000000180007ac0 f   libvcruntime:memcpy.obj
 0001:00006f08       __vcrt_freefls             0000000180007f08 f   libvcruntime:per_thread_data.obj
 0001:00006f28       __vcrt_freeptd             0000000180007f28 f   libvcruntime:per_thread_data.obj
 0001:00006f78       __vcrt_getptd              0000000180007f78 f   libvcruntime:per_thread_data.obj
 0001:00006f94       __vcrt_getptd_noexit       0000000180007f94 f   libvcruntime:per_thread_data.obj
 0001:0000704c       __vcrt_initialize_ptd      000000018000804c f   libvcruntime:per_thread_data.obj
 0001:0000709c       __vcrt_uninitialize_ptd    000000018000809c f   libvcruntime:per_thread_data.obj
 0001:000070c0       __vcrt_initialize_locks    00000001800080c0 f   libvcruntime:locks.obj
 0001:00007108       __vcrt_uninitialize_locks  0000000180008108 f   libvcruntime:locks.obj
 0001:00007318       __vcrt_FlsAlloc            0000000180008318 f   libvcruntime:winapi_downlevel.obj
 0001:00007360       __vcrt_FlsFree             0000000180008360 f   libvcruntime:winapi_downlevel.obj
 0001:000073a8       __vcrt_FlsGetValue         00000001800083a8 f   libvcruntime:winapi_downlevel.obj
 0001:000073f0       __vcrt_FlsSetValue         00000001800083f0 f   libvcruntime:winapi_downlevel.obj
 0001:00007444       __vcrt_InitializeCriticalSectionEx 0000000180008444 f   libvcruntime:winapi_downlevel.obj
 0001:000074a8       __vcrt_initialize_winapi_thunks 00000001800084a8 f   libvcruntime:winapi_downlevel.obj
 0001:000074d8       __vcrt_uninitialize_winapi_thunks 00000001800084d8 f   libvcruntime:winapi_downlevel.obj
 0001:00007518       __vcrt_initialize_pure_virtual_call_handler 0000000180008518 f   libvcruntime:purevirt_data.obj
 0001:00007540       _local_unwind              0000000180008540 f   libvcruntime:_jmpuwind_.obj
 0001:00007570       _NLG_Notify                0000000180008570 f   libvcruntime:_jmpuwind_.obj
 0001:00007590       __NLG_Dispatch2            0000000180008590 f   libvcruntime:_jmpuwind_.obj
 0001:000075a0       __NLG_Return2              00000001800085a0 f   libvcruntime:_jmpuwind_.obj
 0001:000075a4       __except_validate_context_record 00000001800085a4 f   libvcruntime:jbcxrval.obj
 0001:000075dc       ?_ExecutionInCatch@@YAHPEAU_xDISPATCHER_CONTEXT@@PEBU_s_FuncInfo@@@Z 00000001800085dc f   libvcruntime:risctrnsctrl.obj
 0001:00007650       ?_GetEstablisherFrame@@YAPEA_KPEA_KPEAU_xDISPATCHER_CONTEXT@@PEBU_s_FuncInfo@@0@Z 0000000180008650 f   libvcruntime:risctrnsctrl.obj
 0001:0000771c       ?_GetRangeOfTrysToCheck@@YAPEBU_s_TryBlockMapEntry@@PEA_KPEBU_s_FuncInfo@@HHPEAI2PEAU_xDISPATCHER_CONTEXT@@@Z 000000018000871c f   libvcruntime:risctrnsctrl.obj
 0001:00007848       ?__FrameUnwindToEmptyState@@YAXPEA_KPEAU_xDISPATCHER_CONTEXT@@PEBU_s_FuncInfo@@@Z 0000000180008848 f   libvcruntime:risctrnsctrl.obj
 0001:000078dc       _CallSETranslator          00000001800088dc f   libvcruntime:risctrnsctrl.obj
 0001:00007930       _CreateFrameInfo           0000000180008930 f   libvcruntime:risctrnsctrl.obj
 0001:0000796c       _FindAndUnlinkFrame        000000018000896c f   libvcruntime:risctrnsctrl.obj
 0001:000079c0       _GetImageBase              00000001800089c0 f   libvcruntime:risctrnsctrl.obj
 0001:000079d4       _GetThrowImageBase         00000001800089d4 f   libvcruntime:risctrnsctrl.obj
 0001:000079e8       _SetImageBase              00000001800089e8 f   libvcruntime:risctrnsctrl.obj
 0001:00007a00       _SetThrowImageBase         0000000180008a00 f   libvcruntime:risctrnsctrl.obj
 0001:00007a18       _UnwindNestedFrames        0000000180008a18 f   libvcruntime:risctrnsctrl.obj
 0001:00007b3c       __CxxFrameHandler3         0000000180008b3c f   libvcruntime:risctrnsctrl.obj
 0001:00007bbc       ?__GetCurrentState@@YAHPEA_KPEAU_xDISPATCHER_CONTEXT@@PEBU_s_FuncInfo@@@Z 0000000180008bbc f   libvcruntime:riscehstate.obj
 0001:00007be4       ?__GetUnwindTryBlock@@YAHPEA_KPEAU_xDISPATCHER_CONTEXT@@PEBU_s_FuncInfo@@@Z 0000000180008be4 f   libvcruntime:riscehstate.obj
 0001:00007c10       ?__SetState@@YAXPEA_KPEAU_xDISPATCHER_CONTEXT@@PEBU_s_FuncInfo@@H@Z 0000000180008c10 f   libvcruntime:riscehstate.obj
 0001:00007c1c       ?__SetUnwindTryBlock@@YAXPEA_KPEAU_xDISPATCHER_CONTEXT@@PEBU_s_FuncInfo@@H@Z 0000000180008c1c f   libvcruntime:riscehstate.obj
 0001:00007c58       ?__StateFromControlPc@@YAHPEBU_s_FuncInfo@@PEAU_xDISPATCHER_CONTEXT@@@Z 0000000180008c58 f   libvcruntime:riscehstate.obj
 0001:00007c60       ?__StateFromIp@@YAHPEBU_s_FuncInfo@@PEAU_xDISPATCHER_CONTEXT@@_K@Z 0000000180008c60 f   libvcruntime:riscehstate.obj
 0001:00007cc8       ??0bad_exception@std@@QEAA@AEBV01@@Z 0000000180008cc8 f i libvcruntime:frame.obj
 0001:00007d08       ??0bad_exception@std@@QEAA@XZ 0000000180008d08 f i libvcruntime:frame.obj
 0001:00008650       ?_CallMemberFunction1@@YAXQEAX00@Z 0000000180009650 f i libvcruntime:frame.obj
 0001:0000865c       ?_CallMemberFunction2@@YAXQEAX00H@Z 000000018000965c f i libvcruntime:frame.obj
 0001:0000866c       __BuildCatchObject         000000018000966c f   libvcruntime:frame.obj
 0001:0000872c       __BuildCatchObjectHelper   000000018000972c f   libvcruntime:frame.obj
 0001:0000892c       __CxxCallCatchBlock        000000018000992c f   libvcruntime:frame.obj
 0001:00008b18       __FrameUnwindToState       0000000180009b18 f   libvcruntime:frame.obj
 0001:00008cac       __InternalCxxFrameHandler  0000000180009cac f   libvcruntime:frame.obj
 0001:00008ef0       __TypeMatch                0000000180009ef0 f   libvcruntime:frame.obj
 0001:00009050       _CallSettingFrame          000000018000a050 f   libvcruntime:handlers.obj
 0001:00009090       __DestructExceptionObject  000000018000a090 f   libvcruntime:ehhelpers.obj
 0001:00009104       ?_CallMemberFunction0@@YAXQEAX0@Z 000000018000a104 f i libvcruntime:ehhelpers.obj
 0001:00009108       _IsExceptionObjectToBeDestroyed 000000018000a108 f   libvcruntime:ehhelpers.obj
 0001:00009138       __AdjustPointer            000000018000a138 f   libvcruntime:ehhelpers.obj
 0001:0000915c       __FrameUnwindFilter        000000018000a15c f   libvcruntime:ehhelpers.obj
 0001:000091a8       __acrt_call_reportfault    000000018000a1a8 f   libucrt:invalid_parameter.obj
 0001:00009304       __acrt_initialize_invalid_parameter_handler 000000018000a304 f   libucrt:invalid_parameter.obj
 0001:0000930c       _invalid_parameter         000000018000a30c f   libucrt:invalid_parameter.obj
 0001:000093bc       _invalid_parameter_noinfo  000000018000a3bc f   libucrt:invalid_parameter.obj
 0001:000093dc       _invalid_parameter_noinfo_noreturn 000000018000a3dc f   libucrt:invalid_parameter.obj
 0001:0000940c       _invoke_watson             000000018000a40c f   libucrt:invalid_parameter.obj
 0001:000096d4       __acrt_initialize_thread_local_exit_callback 000000018000a6d4 f   libucrt:exit.obj
 0001:000096dc       _cexit                     000000018000a6dc f   libucrt:exit.obj
 0001:000096ec       _exit                      000000018000a6ec f   libucrt:exit.obj
 0001:000096f8       _is_c_termination_complete 000000018000a6f8 f   libucrt:exit.obj
 0001:00009700       exit                       000000018000a700 f   libucrt:exit.obj
 0001:0000970c       _mbsinc                    000000018000a70c f   libucrt:mbsinc.obj
 0001:00009750       ??0_LocaleUpdate@@QEAA@QEAU__crt_locale_pointers@@@Z 000000018000a750 f i libucrt:mbscmp.obj
 0001:000097ec       ??1_LocaleUpdate@@QEAA@XZ  000000018000a7ec f i libucrt:mbscmp.obj
 0001:00009800       _mbscmp                    000000018000a800 f   libucrt:mbscmp.obj
 0001:00009808       _mbscmp_l                  000000018000a808 f   libucrt:mbscmp.obj
 0001:00009998       _tolower_l                 000000018000a998 f   libucrt:tolower_toupper.obj
 0001:00009ad8       _toupper_l                 000000018000aad8 f   libucrt:tolower_toupper.obj
 0001:00009c18       tolower                    000000018000ac18 f   libucrt:tolower_toupper.obj
 0001:00009c44       toupper                    000000018000ac44 f   libucrt:tolower_toupper.obj
 0001:00009c70       __acrt_initialize_stdio    000000018000ac70 f   libucrt:_file.obj
 0001:00009d90       __acrt_iob_func            000000018000ad90 f   libucrt:_file.obj
 0001:00009da4       __acrt_uninitialize_stdio  000000018000ada4 f   libucrt:_file.obj
 0001:00009e00       _lock_file                 000000018000ae00 f   libucrt:_file.obj
 0001:00009e0c       _unlock_file               000000018000ae0c f   libucrt:_file.obj
 0001:00009e18       _mbsrchr                   000000018000ae18 f   libucrt:mbsrchr.obj
 0001:00009e20       _mbsrchr_l                 000000018000ae20 f   libucrt:mbsrchr.obj
 0001:0000a0ec       ??$ensure_buffer_is_big_enough@D@formatting_buffer@__crt_stdio_output@@QEAA_N_K@Z 000000018000b0ec f i libucrt:output.obj
 0001:0000a194       ??$type_case_integer_parse_into_buffer@I@?$output_processor@DV?$string_output_adapter@D@__crt_stdio_output@@V?$format_validation_base@DV?$string_output_adapter@D@__crt_stdio_output@@@2@@__crt_stdio_output@@AEAAXII_N@Z 000000018000b194 f i libucrt:output.obj
 0001:0000a194       ??$type_case_integer_parse_into_buffer@I@?$output_processor@DV?$stream_output_adapter@D@__crt_stdio_output@@V?$standard_base@DV?$stream_output_adapter@D@__crt_stdio_output@@@2@@__crt_stdio_output@@AEAAXII_N@Z 000000018000b194 f i libucrt:output.obj
 0001:0000a224       ??$type_case_integer_parse_into_buffer@_K@?$output_processor@DV?$string_output_adapter@D@__crt_stdio_output@@V?$format_validation_base@DV?$string_output_adapter@D@__crt_stdio_output@@@2@@__crt_stdio_output@@AEAAX_KI_N@Z 000000018000b224 f i libucrt:output.obj
 0001:0000a224       ??$type_case_integer_parse_into_buffer@_K@?$output_processor@DV?$stream_output_adapter@D@__crt_stdio_output@@V?$standard_base@DV?$stream_output_adapter@D@__crt_stdio_output@@@2@@__crt_stdio_output@@AEAAX_KI_N@Z 000000018000b224 f i libucrt:output.obj
 0001:0000a2b8       ??$write_multiple_characters@V?$stream_output_adapter@D@__crt_stdio_output@@D@__crt_stdio_output@@YAXAEBV?$stream_output_adapter@D@0@DHQEAH@Z 000000018000b2b8 f i libucrt:output.obj
 0001:0000a344       ??$write_multiple_characters@V?$string_output_adapter@D@__crt_stdio_output@@D@__crt_stdio_output@@YAXAEBV?$string_output_adapter@D@0@DHQEAH@Z 000000018000b344 f i libucrt:output.obj
 0001:0000a4ec       ?crop_zeroes@__crt_stdio_output@@YAXPEADQEAU__crt_locale_pointers@@@Z 000000018000b4ec f i libucrt:output.obj
 0001:0000a558       ?force_decimal_point@__crt_stdio_output@@YAXPEADQEAU__crt_locale_pointers@@@Z 000000018000b558 f i libucrt:output.obj
 0001:0000a5c8       ?parse_int_from_format_string@?$output_processor@DV?$string_output_adapter@D@__crt_stdio_output@@V?$format_validation_base@DV?$string_output_adapter@D@__crt_stdio_output@@@2@@__crt_stdio_output@@AEAA_NQEAH@Z 000000018000b5c8 f i libucrt:output.obj
 0001:0000a5c8       ?parse_int_from_format_string@?$output_processor@DV?$stream_output_adapter@D@__crt_stdio_output@@V?$standard_base@DV?$stream_output_adapter@D@__crt_stdio_output@@@2@@__crt_stdio_output@@AEAA_NQEAH@Z 000000018000b5c8 f i libucrt:output.obj
 0001:0000a66c       ?process@?$output_processor@DV?$stream_output_adapter@D@__crt_stdio_output@@V?$standard_base@DV?$stream_output_adapter@D@__crt_stdio_output@@@2@@__crt_stdio_output@@QEAAHXZ 000000018000b66c f i libucrt:output.obj
 0001:0000a880       ?process@?$output_processor@DV?$string_output_adapter@D@__crt_stdio_output@@V?$format_validation_base@DV?$string_output_adapter@D@__crt_stdio_output@@@2@@__crt_stdio_output@@QEAAHXZ 000000018000b880 f i libucrt:output.obj
 0001:0000aa94       ?state_case_normal@?$output_processor@DV?$stream_output_adapter@D@__crt_stdio_output@@V?$standard_base@DV?$stream_output_adapter@D@__crt_stdio_output@@@2@@__crt_stdio_output@@AEAA_NXZ 000000018000ba94 f i libucrt:output.obj
 0001:0000ab04       ?state_case_normal@?$output_processor@DV?$string_output_adapter@D@__crt_stdio_output@@V?$format_validation_base@DV?$string_output_adapter@D@__crt_stdio_output@@@2@@__crt_stdio_output@@AEAA_NXZ 000000018000bb04 f i libucrt:output.obj
 0001:0000ab78       ?state_case_normal_tchar@?$output_processor@DV?$stream_output_adapter@D@__crt_stdio_output@@V?$standard_base@DV?$stream_output_adapter@D@__crt_stdio_output@@@2@@__crt_stdio_output@@AEAA_ND@Z 000000018000bb78 f i libucrt:output.obj
 0001:0000ac14       ?state_case_normal_tchar@?$output_processor@DV?$string_output_adapter@D@__crt_stdio_output@@V?$format_validation_base@DV?$string_output_adapter@D@__crt_stdio_output@@@2@@__crt_stdio_output@@AEAA_ND@Z 000000018000bc14 f i libucrt:output.obj
 0001:0000acac       ?state_case_size@?$output_processor@DV?$stream_output_adapter@D@__crt_stdio_output@@V?$standard_base@DV?$stream_output_adapter@D@__crt_stdio_output@@@2@@__crt_stdio_output@@AEAA_NXZ 000000018000bcac f i libucrt:output.obj
 0001:0000ae20       ?state_case_size@?$output_processor@DV?$string_output_adapter@D@__crt_stdio_output@@V?$format_validation_base@DV?$string_output_adapter@D@__crt_stdio_output@@@2@@__crt_stdio_output@@AEAA_NXZ 000000018000be20 f i libucrt:output.obj
 0001:0000af94       ?state_case_type@?$output_processor@DV?$stream_output_adapter@D@__crt_stdio_output@@V?$standard_base@DV?$stream_output_adapter@D@__crt_stdio_output@@@2@@__crt_stdio_output@@AEAA_NXZ 000000018000bf94 f i libucrt:output.obj
 0001:0000b224       ?state_case_type@?$output_processor@DV?$string_output_adapter@D@__crt_stdio_output@@V?$format_validation_base@DV?$string_output_adapter@D@__crt_stdio_output@@@2@@__crt_stdio_output@@AEAA_NXZ 000000018000c224 f i libucrt:output.obj
 0001:0000b490       ?type_case_Z@?$output_processor@DV?$stream_output_adapter@D@__crt_stdio_output@@V?$standard_base@DV?$stream_output_adapter@D@__crt_stdio_output@@@2@@__crt_stdio_output@@AEAA_NXZ 000000018000c490 f i libucrt:output.obj
 0001:0000b490       ?type_case_Z@?$output_processor@DV?$string_output_adapter@D@__crt_stdio_output@@V?$format_validation_base@DV?$string_output_adapter@D@__crt_stdio_output@@@2@@__crt_stdio_output@@AEAA_NXZ 000000018000c490 f i libucrt:output.obj
 0001:0000b508       ?type_case_a@?$output_processor@DV?$string_output_adapter@D@__crt_stdio_output@@V?$format_validation_base@DV?$string_output_adapter@D@__crt_stdio_output@@@2@@__crt_stdio_output@@AEAA_NXZ 000000018000c508 f i libucrt:output.obj
 0001:0000b508       ?type_case_a@?$output_processor@DV?$stream_output_adapter@D@__crt_stdio_output@@V?$standard_base@DV?$stream_output_adapter@D@__crt_stdio_output@@@2@@__crt_stdio_output@@AEAA_NXZ 000000018000c508 f i libucrt:output.obj
 0001:0000b6c4       ?type_case_c_tchar@?$output_processor@DV?$stream_output_adapter@D@__crt_stdio_output@@V?$standard_base@DV?$stream_output_adapter@D@__crt_stdio_output@@@2@@__crt_stdio_output@@AEAA_ND@Z 000000018000c6c4 f i libucrt:output.obj
 0001:0000b6c4       ?type_case_c_tchar@?$output_processor@DV?$string_output_adapter@D@__crt_stdio_output@@V?$format_validation_base@DV?$string_output_adapter@D@__crt_stdio_output@@@2@@__crt_stdio_output@@AEAA_ND@Z 000000018000c6c4 f i libucrt:output.obj
 0001:0000b788       ?type_case_integer@?$output_processor@DV?$stream_output_adapter@D@__crt_stdio_output@@V?$standard_base@DV?$stream_output_adapter@D@__crt_stdio_output@@@2@@__crt_stdio_output@@AEAA_NI_N@Z 000000018000c788 f i libucrt:output.obj
 0001:0000b788       ?type_case_integer@?$output_processor@DV?$string_output_adapter@D@__crt_stdio_output@@V?$format_validation_base@DV?$string_output_adapter@D@__crt_stdio_output@@@2@@__crt_stdio_output@@AEAA_NI_N@Z 000000018000c788 f i libucrt:output.obj
 0001:0000b950       ?type_case_n@?$output_processor@DV?$string_output_adapter@D@__crt_stdio_output@@V?$format_validation_base@DV?$string_output_adapter@D@__crt_stdio_output@@@2@@__crt_stdio_output@@AEAA_NXZ 000000018000c950 f i libucrt:output.obj
 0001:0000b950       ?type_case_n@?$output_processor@DV?$stream_output_adapter@D@__crt_stdio_output@@V?$standard_base@DV?$stream_output_adapter@D@__crt_stdio_output@@@2@@__crt_stdio_output@@AEAA_NXZ 000000018000c950 f i libucrt:output.obj
 0001:0000ba2c       ?type_case_s@?$output_processor@DV?$string_output_adapter@D@__crt_stdio_output@@V?$format_validation_base@DV?$string_output_adapter@D@__crt_stdio_output@@@2@@__crt_stdio_output@@AEAA_NXZ 000000018000ca2c f i libucrt:output.obj
 0001:0000ba2c       ?type_case_s@?$output_processor@DV?$stream_output_adapter@D@__crt_stdio_output@@V?$standard_base@DV?$stream_output_adapter@D@__crt_stdio_output@@@2@@__crt_stdio_output@@AEAA_NXZ 000000018000ca2c f i libucrt:output.obj
 0001:0000bac4       ?validate_stream_is_ansi_if_required@?$__acrt_stdio_char_traits@D@@SA_NQEAU_iobuf@@@Z 000000018000cac4 f i libucrt:output.obj
 0001:0000bb58       ?write_stored_string_tchar@?$output_processor@DV?$stream_output_adapter@D@__crt_stdio_output@@V?$standard_base@DV?$stream_output_adapter@D@__crt_stdio_output@@@2@@__crt_stdio_output@@AEAA_ND@Z 000000018000cb58 f i libucrt:output.obj
 0001:0000bc7c       ?write_stored_string_tchar@?$output_processor@DV?$string_output_adapter@D@__crt_stdio_output@@V?$format_validation_base@DV?$string_output_adapter@D@__crt_stdio_output@@@2@@__crt_stdio_output@@AEAA_ND@Z 000000018000cc7c f i libucrt:output.obj
 0001:0000bd54       ?write_string@?$string_output_adapter@D@__crt_stdio_output@@QEBAXQEBDHQEAHAEAV__crt_deferred_errno_cache@@@Z 000000018000cd54 f i libucrt:output.obj
 0001:0000bdf8       ?write_string_impl@?$output_adapter_common@DV?$stream_output_adapter@D@__crt_stdio_output@@@__crt_stdio_output@@IEBAXQEBDHQEAHAEAV__crt_deferred_errno_cache@@@Z 000000018000cdf8 f i libucrt:output.obj
 0001:0000bef0       __stdio_common_vfprintf    000000018000cef0 f   libucrt:output.obj
 0001:0000bf7c       __stdio_common_vsnprintf_s 000000018000cf7c f   libucrt:output.obj
 0001:0000c0b0       _mbsupr_s                  000000018000d0b0 f   libucrt:mbsupr.obj
 0001:0000c0b8       _mbsupr_s_l                000000018000d0b8 f   libucrt:mbsupr.obj
 0001:0000c218       _mbschr                    000000018000d218 f   libucrt:mbschr.obj
 0001:0000c220       _mbschr_l                  000000018000d220 f   libucrt:mbschr.obj
 0001:0000c2e4       __acrt_errno_from_os_error 000000018000d2e4 f   libucrt:errno.obj
 0001:0000c32c       __acrt_errno_map_os_error  000000018000d32c f   libucrt:errno.obj
 0001:0000c37c       __doserrno                 000000018000d37c f   libucrt:errno.obj
 0001:0000c39c       _errno                     000000018000d39c f   libucrt:errno.obj
 0001:0000c3bc       ??$parse_integer@KV?$c_string_character_source@D@__crt_strtox@@@__crt_strtox@@YAKQEAU__crt_locale_pointers@@V?$c_string_character_source@D@0@H_N@Z 000000018000d3bc f i libucrt:strtox.obj
 0001:0000c6f8       strtol                     000000018000d6f8 f   libucrt:strtox.obj
 0001:0000c724       free                       000000018000d724 f   libucrt:free.obj
 0001:0000c738       __acrt_initialize_new_handler 000000018000d738 f   libucrt:new_handler.obj
 0001:0000c740       _callnewh                  000000018000d740 f   libucrt:new_handler.obj
 0001:0000c770       _query_new_handler         000000018000d770 f   libucrt:new_handler.obj
 0001:0000c7a4       malloc                     000000018000d7a4 f   libucrt:malloc.obj
 0001:0000c7ac       _seh_filter_dll            000000018000d7ac f   libucrt:exception_filter.obj
 0001:0000c7c0       _seh_filter_exe            000000018000d7c0 f   libucrt:exception_filter.obj
 0001:0000cafc       __acrt_allocate_buffer_for_argv 000000018000dafc f   libucrt:argv_parsing.obj
 0001:0000cb5c       _configure_narrow_argv     000000018000db5c f   libucrt:argv_parsing.obj
 0001:0000ced4       __dcrt_uninitialize_environments_nolock 000000018000ded4 f   libucrt:environment_initialization.obj
 0001:0000cf0c       _initialize_narrow_environment 000000018000df0c f   libucrt:environment_initialization.obj
 0001:0000d29c       _crt_atexit                000000018000e29c f   libucrt:onexit.obj
 0001:0000d2ac       _execute_onexit_table      000000018000e2ac f   libucrt:onexit.obj
 0001:0000d2e8       _initialize_onexit_table   000000018000e2e8 f   libucrt:onexit.obj
 0001:0000d328       _register_onexit_function  000000018000e328 f   libucrt:onexit.obj
 0001:0000d3a8       __acrt_uninitialize_command_line 000000018000e3a8 f   libucrt:argv_data.obj
 0001:0000d4b4       __acrt_initialize          000000018000e4b4 f   libucrt:initialization.obj
 0001:0000d4c8       __acrt_thread_attach       000000018000e4c8 f   libucrt:initialization.obj
 0001:0000d4dc       __acrt_thread_detach       000000018000e4dc f   libucrt:initialization.obj
 0001:0000d4ec       __acrt_uninitialize        000000018000e4ec f   libucrt:initialization.obj
 0001:0000d524       __acrt_uninitialize_critical 000000018000e524 f   libucrt:initialization.obj
 0001:0000d534       _initterm                  000000018000e534 f   libucrt:initterm.obj
 0001:0000d598       _initterm_e                000000018000e598 f   libucrt:initterm.obj
 0001:0000d5d8       terminate                  000000018000e5d8 f   libucrt:terminate.obj
 0001:0000d5f8       _recalloc                  000000018000e5f8 f   libucrt:recalloc.obj
 0001:0000d600       _recalloc_base             000000018000e600 f   libucrt:recalloc.obj
 0001:0000d698       strcpy_s                   000000018000e698 f   libucrt:strcpy_s.obj
 0001:0000d708       abort                      000000018000e708 f   libucrt:abort.obj
 0001:0000d760       calloc                     000000018000e760 f   libucrt:calloc.obj
 0001:0000d768       wcsncmp                    000000018000e768 f   libucrt:wcsncmp.obj
 0001:0000d7b0       strncmp                    000000018000e7b0 f   libucrt:strncmp.obj
 0001:0000dba8       __acrt_freeptd             000000018000eba8 f   libucrt:per_thread_data.obj
 0001:0000dbec       __acrt_getptd              000000018000ebec f   libucrt:per_thread_data.obj
 0001:0000dcb0       __acrt_getptd_head         000000018000ecb0 f   libucrt:per_thread_data.obj
 0001:0000dd58       __acrt_getptd_noexit       000000018000ed58 f   libucrt:per_thread_data.obj
 0001:0000de10       __acrt_initialize_ptd      000000018000ee10 f   libucrt:per_thread_data.obj
 0001:0000de4c       __acrt_uninitialize_ptd    000000018000ee4c f   libucrt:per_thread_data.obj
 0001:0000de70       __acrt_initialize_locks    000000018000ee70 f   libucrt:locks.obj
 0001:0000deb8       __acrt_lock                000000018000eeb8 f   libucrt:locks.obj
 0001:0000ded4       __acrt_uninitialize_locks  000000018000eed4 f   libucrt:locks.obj
 0001:0000df0c       __acrt_unlock              000000018000ef0c f   libucrt:locks.obj
 0001:0000df28       __acrt_get_process_end_policy 000000018000ef28 f   libucrt:win_policies.obj
 0001:0000dfdc       _ismbblead                 000000018000efdc f   libucrt:ismbbyte.obj
 0001:0000dff0       __acrt_update_locale_info  000000018000eff0 f   libucrt:locale_update.obj
 0001:0000e024       __acrt_update_multibyte_info 000000018000f024 f   libucrt:locale_update.obj
 0001:0000e0c8       __acrt_set_locale_changed  000000018000f0c8 f   libucrt:wsetlocale.obj
 0001:0000e0d4       __acrt_uninitialize_locale 000000018000f0d4 f   libucrt:wsetlocale.obj
 0001:0000e104       __pctype_func              000000018000f104 f   libucrt:ctype.obj
 0001:0000e134       _isleadbyte_l              000000018000f134 f i libucrt:_wctype.obj
 0001:0000e174       _isctype_l                 000000018000f174 f   libucrt:isctype.obj
 0001:0000e5a0       __acrt_LCMapStringA        000000018000f5a0 f   libucrt:lcmapstringa.obj
 0001:0000e638       _calloc_base               000000018000f638 f   libucrt:calloc_base.obj
 0001:0000e6b0       _free_base                 000000018000f6b0 f   libucrt:free_base.obj
 0001:0000e8c8       __acrt_AppPolicyGetProcessTerminationMethodInternal 000000018000f8c8 f   libucrt:winapi_thunks.obj
 0001:0000e918       __acrt_FlsAlloc            000000018000f918 f   libucrt:winapi_thunks.obj
 0001:0000e960       __acrt_FlsFree             000000018000f960 f   libucrt:winapi_thunks.obj
 0001:0000e9a8       __acrt_FlsGetValue         000000018000f9a8 f   libucrt:winapi_thunks.obj
 0001:0000e9f0       __acrt_FlsSetValue         000000018000f9f0 f   libucrt:winapi_thunks.obj
 0001:0000ea44       __acrt_InitializeCriticalSectionEx 000000018000fa44 f   libucrt:winapi_thunks.obj
 0001:0000eaa8       __acrt_LCMapStringEx       000000018000faa8 f   libucrt:winapi_thunks.obj
 0001:0000eb84       __acrt_LocaleNameToLCID    000000018000fb84 f   libucrt:winapi_thunks.obj
 0001:0000ebd4       __acrt_initialize_winapi_thunks 000000018000fbd4 f   libucrt:winapi_thunks.obj
 0001:0000ec1c       __acrt_uninitialize_winapi_thunks 000000018000fc1c f   libucrt:winapi_thunks.obj
 0001:0000ec60       _fcloseall                 000000018000fc60 f   libucrt:closeall.obj
 0001:0000eef0       __acrt_stdio_flush_nolock  000000018000fef0 f   libucrt:fflush.obj
 0001:0000ef6c       _fflush_nolock             000000018000ff6c f   libucrt:fflush.obj
 0001:0000efb8       _flushall                  000000018000ffb8 f   libucrt:fflush.obj
 0001:0000efc0       __acrt_stdio_free_buffer_nolock 000000018000ffc0 f   libucrt:_freebuf.obj
 0001:0000f1e8       __acrt_initialize_lowio    00000001800101e8 f   libucrt:ioinit.obj
 0001:0000f224       __acrt_uninitialize_lowio  0000000180010224 f   libucrt:ioinit.obj
 0001:0000f264       isdigit                    0000000180010264 f i libucrt:_ctype.obj
 0001:0000f2dc       _malloc_base               00000001800102dc f   libucrt:malloc_base.obj
 0001:0000f33c       _mbtowc_l                  000000018001033c f   libucrt:mbtowc.obj
 0001:0000f4b8       mbtowc                     00000001800104b8 f   libucrt:mbtowc.obj
 0001:0000f4c0       _wctomb_s_l                00000001800104c0 f   libucrt:wctomb.obj
 0001:0000f644       wctomb_s                   0000000180010644 f   libucrt:wctomb.obj
 0001:0000f658       strnlen                    0000000180010658 f   libucrt:strnlen.obj
 0001:0000f7a8       wcsnlen                    00000001800107a8 f   libucrt:strnlen.obj
 0001:00010350       __acrt_fp_format           0000000180011350 f   libucrt:cvt.obj
 0001:000105d8       _fileno                    00000001800115d8 f   libucrt:fileno.obj
 0001:00010600       _fputc_nolock              0000000180011600 f   libucrt:fputc.obj
 0001:00010618       _get_printf_count_output   0000000180011618 f   libucrt:printf_count_output.obj
 0001:00010630       __acrt_stdio_begin_temporary_buffering_nolock 0000000180011630 f   libucrt:_sftbuf.obj
 0001:00010700       __acrt_stdio_end_temporary_buffering_nolock 0000000180011700 f   libucrt:_sftbuf.obj
 0001:00010ca4       __acrt_expand_narrow_argv_wildcards 0000000180011ca4 f   libucrt:argv_wildcards.obj
 0001:00010cac       __acrt_GetModuleFileNameA  0000000180011cac f   libucrt:getmodulefilenamea.obj
 0001:00011454       __acrt_initialize_multibyte 0000000180012454 f   libucrt:mbctype.obj
 0001:000114b4       __acrt_update_thread_multibyte_data 00000001800124b4 f   libucrt:mbctype.obj
 0001:000114d0       _setmbcp_nolock            00000001800124d0 f   libucrt:mbctype.obj
 0001:00011788       __acrt_initialize_command_line 0000000180012788 f   libucrt:argv_data.obj
 0001:000117b0       __acrt_MultiByteToWideChar 00000001800127b0 f   libucrt:multibytetowidechar.obj
 0001:0001180c       __acrt_WideCharToMultiByte 000000018001280c f   libucrt:widechartomultibyte.obj
 0001:000118a4       __dcrt_get_narrow_environment_from_os 00000001800128a4 f   libucrt:get_environment_from_os.obj
 0001:000119a8       __acrt_initialize_heap     00000001800129a8 f   libucrt:heap_handle.obj
 0001:000119c4       __acrt_uninitialize_heap   00000001800129c4 f   libucrt:heap_handle.obj
 0001:000119d0       __acrt_execute_initializers 00000001800129d0 f   libucrt:shared_initialization.obj
 0001:00011a50       __acrt_execute_uninitializers 0000000180012a50 f   libucrt:shared_initialization.obj
 0001:00011ad4       __acrt_get_sigabrt_handler 0000000180012ad4 f   libucrt:signal.obj
 0001:00011b04       __acrt_initialize_signal_handlers 0000000180012b04 f   libucrt:signal.obj
 0001:00011b24       raise                      0000000180012b24 f   libucrt:signal.obj
 0001:00011da4       __acrt_has_user_matherr    0000000180012da4 f   libucrt:matherr.obj
 0001:00011dc4       __acrt_initialize_user_matherr 0000000180012dc4 f   libucrt:matherr.obj
 0001:00011dcc       __acrt_invoke_user_matherr 0000000180012dcc f   libucrt:matherr.obj
 0001:00011dfc       _msize                     0000000180012dfc f   libucrt:msize.obj
 0001:00011e04       _msize_base                0000000180012e04 f   libucrt:msize.obj
 0001:00011e40       _realloc_base              0000000180012e40 f   libucrt:realloc_base.obj
 0001:00011ebc       __acrt_add_locale_ref      0000000180012ebc f   libucrt:locale_refcounting.obj
 0001:00011f48       __acrt_free_locale         0000000180012f48 f   libucrt:locale_refcounting.obj
 0001:000120c0       __acrt_locale_add_lc_time_reference 00000001800130c0 f   libucrt:locale_refcounting.obj
 0001:000120e8       __acrt_locale_free_lc_time_if_unreferenced 00000001800130e8 f   libucrt:locale_refcounting.obj
 0001:00012120       __acrt_locale_release_lc_time_reference 0000000180013120 f   libucrt:locale_refcounting.obj
 0001:00012148       __acrt_release_locale_ref  0000000180013148 f   libucrt:locale_refcounting.obj
 0001:000121f0       __acrt_update_thread_locale_data 00000001800131f0 f   libucrt:locale_refcounting.obj
 0001:00012260       _updatetlocinfoEx_nolock   0000000180013260 f   libucrt:locale_refcounting.obj
 0001:000122c8       __acrt_locale_free_monetary 00000001800132c8 f   libucrt:initmon.obj
 0001:000123d4       __acrt_locale_free_numeric 00000001800133d4 f   libucrt:initnum.obj
 0001:00012494       __acrt_locale_free_time    0000000180013494 f   libucrt:inittime.obj
 0001:0001259c       __acrt_GetStringTypeA      000000018001359c f   libucrt:getstringtypea.obj
 0001:0001272c       __strncnt                  000000018001372c f   libucrt:strncnt.obj
 0001:00012744       _query_new_mode            0000000180013744 f   libucrt:new_mode.obj
 0001:00012834       __acrt_DownlevelLocaleNameToLCID 0000000180013834 f   libucrt:lcidtoname_downlevel.obj
 0001:00012868       _fclose_nolock             0000000180013868 f   libucrt:fclose.obj
 0001:000128ec       fclose                     00000001800138ec f   libucrt:fclose.obj
 0001:000129dc       _commit                    00000001800139dc f   libucrt:commit.obj
 0001:00013018       _write                     0000000180014018 f   libucrt:write.obj
 0001:00013104       _write_nolock              0000000180014104 f   libucrt:write.obj
 0001:000133e4       __acrt_lowio_create_handle_array 00000001800143e4 f   libucrt:osfinfo.obj
 0001:0001347c       __acrt_lowio_destroy_handle_array 000000018001447c f   libucrt:osfinfo.obj
 0001:000134cc       __acrt_lowio_ensure_fh_exists 00000001800144cc f   libucrt:osfinfo.obj
 0001:00013574       __acrt_lowio_lock_fh       0000000180014574 f   libucrt:osfinfo.obj
 0001:00013598       __acrt_lowio_unlock_fh     0000000180014598 f   libucrt:osfinfo.obj
 0001:000135bc       _free_osfhnd               00000001800145bc f   libucrt:osfinfo.obj
 0001:00013678       _get_osfhandle             0000000180014678 f   libucrt:osfinfo.obj
 0001:000136f0       ?__mbrtowc_utf8@__crt_mbstring@@YA_KPEA_WPEBD_KPEAU_Mbstatet@@@Z 00000001800146f0 f   libucrt:mbrtowc.obj
 0001:0001372c       ?__mbsrtowcs_utf8@__crt_mbstring@@YA_KPEA_WPEAPEBD_KPEAU_Mbstatet@@@Z 000000018001472c f   libucrt:mbrtowc.obj
 0001:000138a4       __acrt_fp_strflt_to_string 00000001800148a4 f   libucrt:_fptostr.obj
 0001:00013990       ?divide@__crt_strtox@@YA_KAEAUbig_integer@1@AEBU21@@Z 0000000180014990 f i libucrt:cfout.obj
 0001:00013e20       __acrt_fltout              0000000180014e20 f   libucrt:cfout.obj
 0001:00015260       __acrt_stdio_flush_and_write_narrow_nolock 0000000180016260 f   libucrt:_flsbuf.obj
 0001:00015348       _isatty                    0000000180016348 f   libucrt:isatty.obj
 0001:000153b0       qsort                      00000001800163b0 f   libucrt:qsort.obj
 0001:00015760       strncpy_s                  0000000180016760 f   libucrt:strncpy_s.obj
 0001:000158f0       strpbrk                    00000001800168f0 f   libucrt:strpbrk.obj
 0001:00015cd0       ??$__acrt_convert_wcs_mbs@D_W$$A6A_KPEA_WPEBD_KPEAU__crt_locale_pointers@@@ZU__crt_win32_buffer_internal_dynamic_resizing@@@@YAHQEBDAEAV?$__crt_win32_buffer@_WU__crt_win32_buffer_internal_dynamic_resizing@@@@A6A_KPEA_WPEBD_KPEAU__crt_locale_pointers@@@Z5@Z 0000000180016cd0 f i libucrt:findfirstfileexa.obj
 0001:00015dd8       __acrt_FindFirstFileExA    0000000180016dd8 f   libucrt:findfirstfileexa.obj
 0001:00015e7c       ??$__acrt_convert_wcs_mbs@_WD$$A6A_KPEADPEB_W_KPEAU__crt_locale_pointers@@@ZU__crt_win32_buffer_no_resizing@@@@YAHQEB_WAEAV?$__crt_win32_buffer@DU__crt_win32_buffer_no_resizing@@@@A6A_KPEADPEB_W_KPEAU__crt_locale_pointers@@@Z5@Z 0000000180016e7c f i libucrt:findnextfilea.obj
 0001:00015f48       __acrt_FindNextFileA       0000000180016f48 f   libucrt:findnextfilea.obj
 0001:0001607c       _mbsdec                    000000018001707c f   libucrt:mbsdec.obj
 0001:00016084       _mbsdec_l                  0000000180017084 f   libucrt:mbsdec.obj
 0001:0001631c       _mbstowcs_l                000000018001731c f   libucrt:mbstowcs.obj
 0001:00016324       mbstowcs                   0000000180017324 f   libucrt:mbstowcs.obj
 0001:000163cc       _close                     00000001800173cc f   libucrt:close.obj
 0001:00016470       _close_nolock              0000000180017470 f   libucrt:close.obj
 0001:0001652c       ?__acrt_stdio_free_stream@@YAXV__crt_stdio_stream@@@Z 000000018001752c f   libucrt:stream.obj
 0001:000166d4       _lseeki64                  00000001800176d4 f   libucrt:lseek.obj
 0001:000166dc       _lseeki64_nolock           00000001800176dc f   libucrt:lseek.obj
 0001:000166e4       _putwch_nolock             00000001800176e4 f   libucrt:putwch.obj
 0001:00016720       _query_app_type            0000000180017720 f   libucrt:report_runtime_error.obj
 0001:00016728       ?__mbrtoc32_utf8@__crt_mbstring@@YA_KPEA_UPEBD_KPEAU_Mbstatet@@@Z 0000000180017728 f   libucrt:mbrtoc32.obj
 0001:00016904       fegetenv                   0000000180017904 f   libucrt:fegetenv.obj
 0001:00016924       fesetenv                   0000000180017924 f   libucrt:fesetenv.obj
 0001:00016974       feholdexcept               0000000180017974 f   libucrt:feholdexcept.obj
 0001:000169c4       ceil                       00000001800179c4 f   libucrt:ceil.obj
 0001:00016a90       log10                      0000000180017a90 f   libucrt:log10.obj
 0001:0001703c       __acrt_stdio_allocate_buffer_nolock 000000018001803c f   libucrt:_getbuf.obj
 0001:0001740c       _wcstombs_l                000000018001840c f   libucrt:wcstombs.obj
 0001:00017414       __dcrt_lowio_ensure_console_output_initialized 0000000180018414 f   libucrt:initcon.obj
 0001:00017468       __dcrt_terminate_console_output 0000000180018468 f   libucrt:initcon.obj
 0001:00017484       __dcrt_write_console       0000000180018484 f   libucrt:initcon.obj
 0001:00017544       __acrt_fenv_get_control    0000000180018544 f   libucrt:_fenvutils.obj
 0001:00017644       __acrt_fenv_get_status     0000000180018644 f   libucrt:_fenvutils.obj
 0001:0001769c       __acrt_fenv_set_control    000000018001869c f   libucrt:_fenvutils.obj
 0001:000177e4       __acrt_fenv_set_status     00000001800187e4 f   libucrt:_fenvutils.obj
 0001:00017868       _clearfp                   0000000180018868 f   libucrt:ieee.obj
 0001:000179fc       _handle_error              00000001800189fc f   libucrt:libm_error.obj
 0001:00017b24       _handle_nan                0000000180018b24 f   libucrt:libm_error.obj
 0001:00017b40       __acrt_initialize_fma3     0000000180018b40 f   libucrt:fma3_available.obj
 0001:00017bb0       _log10_special             0000000180018bb0 f   libucrt:log_special.obj
 0001:00017c68       ?__wcsrtombs_utf8@__crt_mbstring@@YA_KPEADPEAPEB_W_KPEAU_Mbstatet@@@Z 0000000180018c68 f   libucrt:wcrtomb.obj
 0001:00017da0       _get_fpsr                  0000000180018da0 f   libucrt:fpsr.obj
 0001:00017db0       _set_fpsr                  0000000180018db0 f   libucrt:fpsr.obj
 0001:00017dba       _fclrf                     0000000180018dba f   libucrt:fpsr.obj
 0001:00017dce       _frnd                      0000000180018dce f   libucrt:fpsr.obj
 0001:00017df0       _raise_exc                 0000000180018df0 f   libucrt:fpexcept.obj
 0001:00017e18       _raise_exc_ex              0000000180018e18 f   libucrt:fpexcept.obj
 0001:00018128       _set_errno_from_matherr    0000000180019128 f   libucrt:fpexcept.obj
 0001:00018158       _clrfp                     0000000180019158 f   libucrt:fpctrl.obj
 0001:00018178       _ctrlfp                    0000000180019178 f   libucrt:fpctrl.obj
 0001:000181f4       _set_statfp                00000001800191f4 f   libucrt:fpctrl.obj
 0001:00018214       _statfp                    0000000180019214 f   libucrt:fpctrl.obj
 0001:00018228       ?__c16rtomb_utf8@__crt_mbstring@@YA_KPEAD_SPEAU_Mbstatet@@@Z 0000000180019228 f   libucrt:c16rtomb.obj
 0001:000182d0       ?__c32rtomb_utf8@__crt_mbstring@@YA_KPEAD_UPEAU_Mbstatet@@@Z 00000001800192d0 f   libucrt:c32rtomb.obj
 0001:00018388       c32rtomb                   0000000180019388 f   libucrt:c32rtomb.obj
 0001:0001838d       IsProcessorFeaturePresent  000000018001938d f   kernel32:KERNEL32.dll
 0001:00018393       RtlUnwindEx                0000000180019393 f   kernel32:KERNEL32.dll
 0001:000183a0       _FindPESection             00000001800193a0 f   LIBCMT:pesect.obj
 0001:000183f0       _IsNonwritableInCurrentImage 00000001800193f0 f   LIBCMT:pesect.obj
 0001:00018440       _ValidateImageBase         0000000180019440 f   LIBCMT:pesect.obj
 0001:00018470       __GSHandlerCheck           0000000180019470 f   LIBCMT:_gshandler_.obj
 0001:00018490       __GSHandlerCheckCommon     0000000180019490 f   LIBCMT:_gshandler_.obj
 0001:00018500       __chkstk                   0000000180019500 f   LIBCMT:_chkstk_.obj
 0001:00018500       _alloca_probe              0000000180019500 f   LIBCMT:_chkstk_.obj
 0001:00018554       __GSHandlerCheck_EH        0000000180019554 f   LIBCMT:gshandlereh.obj
 0001:000185d4       strrchr                    00000001800195d4 f   libvcruntime:strrchr.obj
 0001:00018720       strchr                     0000000180019720 f   libvcruntime:strchr.obj
 0001:000187c0       memcmp                     00000001800197c0 f   libvcruntime:memcmp.obj
 0001:000188a0       memchr                     00000001800198a0 f   libvcruntime:memchr.obj
 0001:00018920       _guard_dispatch_icall_nop  0000000180019920 f   LIBCMT:_guard_dispatch_.obj
 0001:00018d30       ??__FstrMgr@?1??GetInstance@CAtlStringMgr@ATL@@SAPEAUIAtlStringMgr@2@XZ@YAXXZ 0000000180019d30 f i detection_win.obj
 0001:00018d40       ??__FstrHeap@?1??GetInstance@CAtlStringMgr@ATL@@SAPEAUIAtlStringMgr@2@XZ@YAXXZ 0000000180019d40 f i detection_win.obj
 0002:00000000       __imp_SizeofResource       000000018001a000     kernel32:KERNEL32.dll
 0002:00000008       __imp_HeapFree             000000018001a008     kernel32:KERNEL32.dll
 0002:00000010       __imp_InitializeCriticalSectionEx 000000018001a010     kernel32:KERNEL32.dll
 0002:00000018       __imp_WaitForSingleObject  000000018001a018     kernel32:KERNEL32.dll
 0002:00000020       __imp_GetCurrentThreadId   000000018001a020     kernel32:KERNEL32.dll
 0002:00000028       __imp_GetModuleHandleA     000000018001a028     kernel32:KERNEL32.dll
 0002:00000030       __imp_HeapSize             000000018001a030     kernel32:KERNEL32.dll
 0002:00000038       __imp_GetLastError         000000018001a038     kernel32:KERNEL32.dll
 0002:00000040       __imp_SetEvent             000000018001a040     kernel32:KERNEL32.dll
 0002:00000048       __imp_LoadLibraryA         000000018001a048     kernel32:KERNEL32.dll
 0002:00000050       __imp_LockResource         000000018001a050     kernel32:KERNEL32.dll
 0002:00000058       __imp_HeapReAlloc          000000018001a058     kernel32:KERNEL32.dll
 0002:00000060       __imp_RaiseException       000000018001a060     kernel32:KERNEL32.dll
 0002:00000068       __imp_CreateThread         000000018001a068     kernel32:KERNEL32.dll
 0002:00000070       __imp_FindResourceExW      000000018001a070     kernel32:KERNEL32.dll
 0002:00000078       __imp_LoadResource         000000018001a078     kernel32:KERNEL32.dll
 0002:00000080       __imp_FindResourceW        000000018001a080     kernel32:KERNEL32.dll
 0002:00000088       __imp_HeapAlloc            000000018001a088     kernel32:KERNEL32.dll
 0002:00000090       __imp_HeapDestroy          000000018001a090     kernel32:KERNEL32.dll
 0002:00000098       __imp_GetProcAddress       000000018001a098     kernel32:KERNEL32.dll
 0002:000000a0       __imp_DeleteCriticalSection 000000018001a0a0     kernel32:KERNEL32.dll
 0002:000000a8       __imp_GetProcessHeap       000000018001a0a8     kernel32:KERNEL32.dll
 0002:000000b0       __imp_WideCharToMultiByte  000000018001a0b0     kernel32:KERNEL32.dll
 0002:000000b8       __imp_CreateEventA         000000018001a0b8     kernel32:KERNEL32.dll
 0002:000000c0       __imp_CreateFileW          000000018001a0c0     kernel32:KERNEL32.dll
 0002:000000c8       __imp_SetFilePointerEx     000000018001a0c8     kernel32:KERNEL32.dll
 0002:000000d0       __imp_CloseHandle          000000018001a0d0     kernel32:KERNEL32.dll
 0002:000000d8       __imp_SetStdHandle         000000018001a0d8     kernel32:KERNEL32.dll
 0002:000000e0       __imp_GetConsoleMode       000000018001a0e0     kernel32:KERNEL32.dll
 0002:000000e8       __imp_GetConsoleCP         000000018001a0e8     kernel32:KERNEL32.dll
 0002:000000f0       __imp_WriteFile            000000018001a0f0     kernel32:KERNEL32.dll
 0002:000000f8       __imp_FlushFileBuffers     000000018001a0f8     kernel32:KERNEL32.dll
 0002:00000100       __imp_GetStringTypeW       000000018001a100     kernel32:KERNEL32.dll
 0002:00000108       __imp_FreeEnvironmentStringsW 000000018001a108     kernel32:KERNEL32.dll
 0002:00000110       __imp_GetEnvironmentStringsW 000000018001a110     kernel32:KERNEL32.dll
 0002:00000118       __imp_MultiByteToWideChar  000000018001a118     kernel32:KERNEL32.dll
 0002:00000120       __imp_GetCommandLineW      000000018001a120     kernel32:KERNEL32.dll
 0002:00000128       __imp_GetCommandLineA      000000018001a128     kernel32:KERNEL32.dll
 0002:00000130       __imp_GetCPInfo            000000018001a130     kernel32:KERNEL32.dll
 0002:00000138       __imp_GetOEMCP             000000018001a138     kernel32:KERNEL32.dll
 0002:00000140       __imp_GetACP               000000018001a140     kernel32:KERNEL32.dll
 0002:00000148       __imp_IsValidCodePage      000000018001a148     kernel32:KERNEL32.dll
 0002:00000150       __imp_FindNextFileW        000000018001a150     kernel32:KERNEL32.dll
 0002:00000158       __imp_FindFirstFileExW     000000018001a158     kernel32:KERNEL32.dll
 0002:00000160       __imp_FindClose            000000018001a160     kernel32:KERNEL32.dll
 0002:00000168       __imp_GetFileType          000000018001a168     kernel32:KERNEL32.dll
 0002:00000170       __imp_GetStdHandle         000000018001a170     kernel32:KERNEL32.dll
 0002:00000178       __imp_LCMapStringW         000000018001a178     kernel32:KERNEL32.dll
 0002:00000180       __imp_GetModuleFileNameW   000000018001a180     kernel32:KERNEL32.dll
 0002:00000188       __imp_GetModuleHandleExW   000000018001a188     kernel32:KERNEL32.dll
 0002:00000190       __imp_ExitProcess          000000018001a190     kernel32:KERNEL32.dll
 0002:00000198       __imp_EncodePointer        000000018001a198     kernel32:KERNEL32.dll
 0002:000001a0       __imp_LoadLibraryExW       000000018001a1a0     kernel32:KERNEL32.dll
 0002:000001a8       __imp_FreeLibrary          000000018001a1a8     kernel32:KERNEL32.dll
 0002:000001b0       __imp_TlsFree              000000018001a1b0     kernel32:KERNEL32.dll
 0002:000001b8       __imp_TlsSetValue          000000018001a1b8     kernel32:KERNEL32.dll
 0002:000001c0       __imp_TlsGetValue          000000018001a1c0     kernel32:KERNEL32.dll
 0002:000001c8       __imp_TlsAlloc             000000018001a1c8     kernel32:KERNEL32.dll
 0002:000001d0       __imp_InitializeCriticalSectionAndSpinCount 000000018001a1d0     kernel32:KERNEL32.dll
 0002:000001d8       __imp_SetLastError         000000018001a1d8     kernel32:KERNEL32.dll
 0002:000001e0       __imp_InterlockedFlushSList 000000018001a1e0     kernel32:KERNEL32.dll
 0002:000001e8       __imp_RtlUnwindEx          000000018001a1e8     kernel32:KERNEL32.dll
 0002:000001f0       __imp_RtlPcToFileHeader    000000018001a1f0     kernel32:KERNEL32.dll
 0002:000001f8       __imp_LeaveCriticalSection 000000018001a1f8     kernel32:KERNEL32.dll
 0002:00000200       __imp_WriteConsoleW        000000018001a200     kernel32:KERNEL32.dll
 0002:00000208       __imp_EnterCriticalSection 000000018001a208     kernel32:KERNEL32.dll
 0002:00000210       __imp_OutputDebugStringW   000000018001a210     kernel32:KERNEL32.dll
 0002:00000218       __imp_InitializeSListHead  000000018001a218     kernel32:KERNEL32.dll
 0002:00000220       __imp_GetSystemTimeAsFileTime 000000018001a220     kernel32:KERNEL32.dll
 0002:00000228       __imp_GetCurrentProcessId  000000018001a228     kernel32:KERNEL32.dll
 0002:00000230       __imp_QueryPerformanceCounter 000000018001a230     kernel32:KERNEL32.dll
 0002:00000238       __imp_GetModuleHandleW     000000018001a238     kernel32:KERNEL32.dll
 0002:00000240       __imp_RtlCaptureContext    000000018001a240     kernel32:KERNEL32.dll
 0002:00000248       __imp_RtlLookupFunctionEntry 000000018001a248     kernel32:KERNEL32.dll
 0002:00000250       __imp_RtlVirtualUnwind     000000018001a250     kernel32:KERNEL32.dll
 0002:00000258       __imp_UnhandledExceptionFilter 000000018001a258     kernel32:KERNEL32.dll
 0002:00000260       __imp_SetUnhandledExceptionFilter 000000018001a260     kernel32:KERNEL32.dll
 0002:00000268       __imp_GetCurrentProcess    000000018001a268     kernel32:KERNEL32.dll
 0002:00000270       __imp_TerminateProcess     000000018001a270     kernel32:KERNEL32.dll
 0002:00000278       __imp_IsProcessorFeaturePresent 000000018001a278     kernel32:KERNEL32.dll
 0002:00000280       __imp_IsDebuggerPresent    000000018001a280     kernel32:KERNEL32.dll
 0002:00000288       __imp_GetStartupInfoW      000000018001a288     kernel32:KERNEL32.dll
 0002:00000290       \177KERNEL32_NULL_THUNK_DATA 000000018001a290     kernel32:KERNEL32.dll
 0002:00000298       __imp_DispatchMessageA     000000018001a298     user32:USER32.dll
 0002:000002a0       __imp_RegisterDeviceNotificationA 000000018001a2a0     user32:USER32.dll
 0002:000002a8       __imp_RegisterClassA       000000018001a2a8     user32:USER32.dll
 0002:000002b0       __imp_CreateWindowExA      000000018001a2b0     user32:USER32.dll
 0002:000002b8       __imp_TranslateMessage     000000018001a2b8     user32:USER32.dll
 0002:000002c0       __imp_GetMessageA          000000018001a2c0     user32:USER32.dll
 0002:000002c8       \177USER32_NULL_THUNK_DATA 000000018001a2c8     user32:USER32.dll
 0002:000002d0       __imp_uv_queue_work        000000018001a2d0     node:node.dll
 0002:000002d8       __imp_?EmitAsyncDestroy@node@@YAXPEAVIsolate@v8@@Uasync_context@1@@Z 000000018001a2d8     node:node.dll
 0002:000002e0       __imp_?MakeCallback@node@@YA?AV?$MaybeLocal@VValue@v8@@@v8@@PEAVIsolate@3@V?$Local@VObject@v8@@@3@V?$Local@VFunction@v8@@@3@HPEAV?$Local@VValue@v8@@@3@Uasync_context@1@@Z 000000018001a2e0     node:node.dll
 0002:000002e8       __imp_?EmitAsyncInit@node@@YA?AUasync_context@1@PEAVIsolate@v8@@V?$Local@VObject@v8@@@4@V?$Local@VString@v8@@@4@N@Z 000000018001a2e8     node:node.dll
 0002:000002f0       __imp_uv_default_loop      000000018001a2f0     node:node.dll
 0002:000002f8       __imp_uv_signal_start      000000018001a2f8     node:node.dll
 0002:00000300       __imp_uv_signal_stop       000000018001a300     node:node.dll
 0002:00000308       __imp_uv_signal_init       000000018001a308     node:node.dll
 0002:00000310       __imp_node_module_register 000000018001a310     node:node.dll
 0002:00000318       \177node_NULL_THUNK_DATA   000000018001a318     node:node.dll
 0002:00000320       __imp_?Set@Object@v8@@QEAA_NV?$Local@VValue@v8@@@2@0@Z 000000018001a320     nw:nw.dll
 0002:00000328       __imp_?SetInternalField@Object@v8@@QEAAXHV?$Local@VValue@v8@@@2@@Z 000000018001a328     nw:nw.dll
 0002:00000330       __imp_?New@Object@v8@@SA?AV?$Local@VObject@v8@@@2@PEAVIsolate@2@@Z 000000018001a330     nw:nw.dll
 0002:00000338       __imp_?SlowGetInternalField@Object@v8@@AEAA?AV?$Local@VValue@v8@@@2@H@Z 000000018001a338     nw:nw.dll
 0002:00000340       __imp_?New@Number@v8@@SA?AV?$Local@VNumber@v8@@@2@PEAVIsolate@2@N@Z 000000018001a340     nw:nw.dll
 0002:00000348       __imp_?NewFromUtf8@String@v8@@SA?AV?$MaybeLocal@VString@v8@@@2@PEAVIsolate@2@PEBDW4NewStringType@2@H@Z 000000018001a348     nw:nw.dll
 0002:00000350       __imp_??0EscapableHandleScope@v8@@QEAA@PEAVIsolate@1@@Z 000000018001a350     nw:nw.dll
 0002:00000358       __imp_?Escape@EscapableHandleScope@v8@@AEAAPEAPEAVObject@internal@2@PEAPEAV342@@Z 000000018001a358     nw:nw.dll
 0002:00000360       __imp_?IsFunction@Value@v8@@QEBA_NXZ 000000018001a360     nw:nw.dll
 0002:00000368       __imp_?IsNumber@Value@v8@@QEBA_NXZ 000000018001a368     nw:nw.dll
 0002:00000370       __imp_?Set@Object@v8@@QEAA_NIV?$Local@VValue@v8@@@2@@Z 000000018001a370     nw:nw.dll
 0002:00000378       __imp_?GlobalizeReference@V8@v8@@CAPEAPEAVObject@internal@2@PEAVIsolate@42@PEAPEAV342@@Z 000000018001a378     nw:nw.dll
 0002:00000380       __imp_?ToLocalEmpty@V8@v8@@CAXXZ 000000018001a380     nw:nw.dll
 0002:00000388       __imp_?New@FunctionTemplate@v8@@SA?AV?$Local@VFunctionTemplate@v8@@@2@PEAVIsolate@2@P6AXAEBV?$FunctionCallbackInfo@VValue@v8@@@2@@ZV?$Local@VValue@v8@@@2@V?$Local@VSignature@v8@@@2@HW4ConstructorBehavior@2@@Z 000000018001a388     nw:nw.dll
 0002:00000390       __imp_?GetFunction@FunctionTemplate@v8@@QEAA?AV?$MaybeLocal@VFunction@v8@@@2@V?$Local@VContext@v8@@@2@@Z 000000018001a390     nw:nw.dll
 0002:00000398       __imp_?SetClassName@FunctionTemplate@v8@@QEAAXV?$Local@VString@v8@@@2@@Z 000000018001a398     nw:nw.dll
 0002:000003a0       __imp_?New@Array@v8@@SA?AV?$Local@VArray@v8@@@2@PEAVIsolate@2@H@Z 000000018001a3a0     nw:nw.dll
 0002:000003a8       __imp_?TypeError@Exception@v8@@SA?AV?$Local@VValue@v8@@@2@V?$Local@VString@v8@@@2@@Z 000000018001a3a8     nw:nw.dll
 0002:000003b0       __imp_?Error@Exception@v8@@SA?AV?$Local@VValue@v8@@@2@V?$Local@VString@v8@@@2@@Z 000000018001a3b0     nw:nw.dll
 0002:000003b8       __imp_??0HandleScope@v8@@QEAA@PEAVIsolate@1@@Z 000000018001a3b8     nw:nw.dll
 0002:000003c0       __imp_??1HandleScope@v8@@QEAA@XZ 000000018001a3c0     nw:nw.dll
 0002:000003c8       __imp_?CreateHandle@HandleScope@v8@@CAPEAPEAVObject@internal@2@PEAVHeapObject@42@PEAV342@@Z 000000018001a3c8     nw:nw.dll
 0002:000003d0       __imp_?CreateHandle@HandleScope@v8@@KAPEAPEAVObject@internal@2@PEAVIsolate@42@PEAV342@@Z 000000018001a3d0     nw:nw.dll
 0002:000003d8       __imp_?GetCurrent@Isolate@v8@@SAPEAV12@XZ 000000018001a3d8     nw:nw.dll
 0002:000003e0       __imp_?GetCurrentContext@Isolate@v8@@QEAA?AV?$Local@VContext@v8@@@2@XZ 000000018001a3e0     nw:nw.dll
 0002:000003e8       __imp_?ThrowException@Isolate@v8@@QEAA?AV?$Local@VValue@v8@@@2@V32@@Z 000000018001a3e8     nw:nw.dll
 0002:000003f0       __imp_?New@External@v8@@SA?AV?$Local@VExternal@v8@@@2@PEAVIsolate@2@PEAX@Z 000000018001a3f0     nw:nw.dll
 0002:000003f8       __imp_?Value@External@v8@@QEBAPEAXXZ 000000018001a3f8     nw:nw.dll
 0002:00000400       __imp_?Global@Context@v8@@QEAA?AV?$Local@VObject@v8@@@2@XZ 000000018001a400     nw:nw.dll
 0002:00000408       __imp_?SetInternalFieldCount@ObjectTemplate@v8@@QEAAXH@Z 000000018001a408     nw:nw.dll
 0002:00000410       __imp_?NewInstance@ObjectTemplate@v8@@QEAA?AV?$MaybeLocal@VObject@v8@@@2@V?$Local@VContext@v8@@@2@@Z 000000018001a410     nw:nw.dll
 0002:00000418       __imp_?New@ObjectTemplate@v8@@SA?AV?$Local@VObjectTemplate@v8@@@2@PEAVIsolate@2@V?$Local@VFunctionTemplate@v8@@@2@@Z 000000018001a418     nw:nw.dll
 0002:00000420       __imp_?NumberValue@Value@v8@@QEBANXZ 000000018001a420     nw:nw.dll
 0002:00000428       \177nw_NULL_THUNK_DATA     000000018001a428     nw:nw.dll
 0002:00000430       __guard_check_icall_fptr   000000018001a430     LIBCMT:guard_support.obj
 0002:00000438       __guard_dispatch_icall_fptr 000000018001a438     LIBCMT:guard_support.obj
 0002:00000440       __xc_a                     000000018001a440     LIBCMT:initializers.obj
 0002:00000450       _register_detection_       000000018001a450     detection.obj
 0002:00000460       __xc_z                     000000018001a460     LIBCMT:initializers.obj
 0002:00000468       __xi_a                     000000018001a468     LIBCMT:initializers.obj
 0002:00000470       __acrt_stdio_initializer   000000018001a470     libucrt:stdio_initializer.obj
 0002:00000478       __acrt_multibyte_initializer 000000018001a478     libucrt:multibyte_initializer.obj
 0002:00000480       __acrt_tran_fma3_initializer 000000018001a480     libucrt:fma3_initializer.obj
 0002:00000488       __xi_z                     000000018001a488     LIBCMT:initializers.obj
 0002:00000490       __xp_a                     000000018001a490     LIBCMT:initializers.obj
 0002:00000498       __acrt_locale_terminator   000000018001a498     libucrt:locale_initializer.obj
 0002:000004a0       __dcrt_console_output_terminator 000000018001a4a0     libucrt:console_output_initializer.obj
 0002:000004a8       __acrt_stdio_terminator    000000018001a4a8     libucrt:stdio_initializer.obj
 0002:000004b0       __xp_z                     000000018001a4b0     LIBCMT:initializers.obj
 0002:000004b8       __xt_a                     000000018001a4b8     LIBCMT:initializers.obj
 0002:000004c0       __xt_z                     000000018001a4c0     LIBCMT:initializers.obj
 0002:000004d8       ??_7exception@std@@6B@     000000018001a4d8     libcpmt:xthrow.obj
 0002:000004e8       ??_C@_0BC@EOODALEL@Unknown?5exception?$AA@ 000000018001a4e8     libcpmt:xthrow.obj
 0002:00000508       ??_7bad_alloc@std@@6B@     000000018001a508     libcpmt:xthrow.obj
 0002:00000518       ??_C@_0P@GHFPNOJB@bad?5allocation?$AA@ 000000018001a518     libcpmt:xthrow.obj
 0002:00000530       ??_7logic_error@std@@6B@   000000018001a530     libcpmt:xthrow.obj
 0002:00000548       ??_7length_error@std@@6B@  000000018001a548     libcpmt:xthrow.obj
 0002:00000560       ??_7out_of_range@std@@6B@  000000018001a560     libcpmt:xthrow.obj
 0002:00000570       _pDefaultRawDllMain        000000018001a570     LIBCMT:dll_dllmain.obj
[...]
 0004:00001350       $pdata$__acrt_get_sigabrt_handler 0000000180029350     libucrt:signal.obj
 0004:0000135c       $pdata$raise               000000018002935c     libucrt:signal.obj
 0004:00001368       $pdata$_msize_base         0000000180029368     libucrt:msize.obj
 0004:00001374       $pdata$_realloc_base       0000000180029374     libucrt:realloc_base.obj
 0004:00001380       $pdata$__acrt_free_locale  0000000180029380     libucrt:locale_refcounting.obj
 0004:0000138c       $pdata$__acrt_locale_free_lc_time_if_unreferenced 000000018002938c     libucrt:locale_refcounting.obj
 0004:00001398       $pdata$__acrt_release_locale_ref 0000000180029398     libucrt:locale_refcounting.obj
 0004:000013a4       $pdata$__acrt_update_thread_locale_data 00000001800293a4     libucrt:locale_refcounting.obj
 0004:000013b0       $pdata$_updatetlocinfoEx_nolock 00000001800293b0     libucrt:locale_refcounting.obj
 0004:000013bc       $pdata$__acrt_locale_free_monetary 00000001800293bc     libucrt:initmon.obj
 0004:000013c8       $pdata$__acrt_locale_free_numeric 00000001800293c8     libucrt:initnum.obj
 0004:000013d4       $pdata$?free_crt_array_internal@@YAXQEAPEBX_K@Z 00000001800293d4     libucrt:inittime.obj
 0004:000013e0       $pdata$__acrt_locale_free_time 00000001800293e0     libucrt:inittime.obj
 0004:000013ec       $pdata$__acrt_GetStringTypeA 00000001800293ec     libucrt:getstringtypea.obj
 0004:000013f8       $pdata$?GetTableIndexFromLocaleName@@YAHPEB_W@Z 00000001800293f8     libucrt:lcidtoname_downlevel.obj
 0004:00001404       $pdata$__acrt_DownlevelLocaleNameToLCID 0000000180029404     libucrt:lcidtoname_downlevel.obj
 0004:00001410       $pdata$_fclose_nolock      0000000180029410     libucrt:fclose.obj
 0004:0000141c       $pdata$fclose              000000018002941c     libucrt:fclose.obj
 0004:00001428       $pdata$??$?RV<lambda_a37b2b86f63e897a80ea819b0eb08c01>@@AEAV<lambda_38ce7e780aa69e748d6df282ebc68efe>@@V<lambda_99fb1378e971ab6e7edea83e3a7a83a2>@@@?$__crt_seh_guarded_call@H@@QEAAH$$QEAV<lambda_a37b2b86f63e897a80ea819b0eb08c01>@@AEAV<lambda_38ce7e780aa69e748d6df282ebc68efe>@@$$QEAV<lambda_99fb1378e971ab6e7edea83e3a7a83a2>@@@Z 0000000180029428     libucrt:commit.obj
 0004:00001434       $pdata$_commit             0000000180029434     libucrt:commit.obj
 0004:00001440       $pdata$?write_double_translated_ansi_nolock@@YA?AUwrite_result@?A0x17268360@@HQEBDI@Z 0000000180029440     libucrt:write.obj
 0004:0000144c       $pdata$?write_text_ansi_nolock@@YA?AUwrite_result@?A0x17268360@@HQEBDI@Z 000000018002944c     libucrt:write.obj
 0004:00001458       $pdata$?write_text_utf16le_nolock@@YA?AUwrite_result@?A0x17268360@@HQEBDI@Z 0000000180029458     libucrt:write.obj
 0004:00001464       $pdata$?write_text_utf8_nolock@@YA?AUwrite_result@?A0x17268360@@HQEBDI@Z 0000000180029464     libucrt:write.obj
 0004:00001470       $pdata$_write              0000000180029470     libucrt:write.obj
 0004:0000147c       $pdata$_write_nolock       000000018002947c     libucrt:write.obj
 0004:00001488       $pdata$__acrt_lowio_create_handle_array 0000000180029488     libucrt:osfinfo.obj
 0004:00001494       $pdata$__acrt_lowio_destroy_handle_array 0000000180029494     libucrt:osfinfo.obj
 0004:000014a0       $pdata$__acrt_lowio_ensure_fh_exists 00000001800294a0     libucrt:osfinfo.obj
 0004:000014ac       $pdata$_free_osfhnd        00000001800294ac     libucrt:osfinfo.obj
 0004:000014b8       $pdata$_get_osfhandle      00000001800294b8     libucrt:osfinfo.obj
 0004:000014c4       $pdata$?__mbrtowc_utf8@__crt_mbstring@@YA_KPEA_WPEBD_KPEAU_Mbstatet@@@Z 00000001800294c4     libucrt:mbrtowc.obj
 0004:000014d0       $pdata$?__mbsrtowcs_utf8@__crt_mbstring@@YA_KPEA_WPEAPEBD_KPEAU_Mbstatet@@@Z 00000001800294d0     libucrt:mbrtowc.obj
 0004:000014dc       $pdata$__acrt_fp_strflt_to_string 00000001800294dc     libucrt:_fptostr.obj
 0004:000014e8       $pdata$?divide@__crt_strtox@@YA_KAEAUbig_integer@1@AEBU21@@Z 00000001800294e8     libucrt:cfout.obj
 0004:000014f4       $pdata$0$?divide@__crt_strtox@@YA_KAEAUbig_integer@1@AEBU21@@Z 00000001800294f4     libucrt:cfout.obj
 0004:00001500       $pdata$6$?divide@__crt_strtox@@YA_KAEAUbig_integer@1@AEBU21@@Z 0000000180029500     libucrt:cfout.obj
 0004:0000150c       $pdata$7$?divide@__crt_strtox@@YA_KAEAUbig_integer@1@AEBU21@@Z 000000018002950c     libucrt:cfout.obj
 0004:00001518       $pdata$8$?divide@__crt_strtox@@YA_KAEAUbig_integer@1@AEBU21@@Z 0000000180029518     libucrt:cfout.obj
 0004:00001524       $pdata$__acrt_fltout       0000000180029524     libucrt:cfout.obj
 0004:00001530       $pdata$memcpy_s            0000000180029530     libucrt:cfout.obj
 0004:0000153c       $pdata$??$write_buffer_nolock@D@@YA_NDV__crt_stdio_stream@@@Z 000000018002953c     libucrt:_flsbuf.obj
 0004:00001548       $pdata$__acrt_stdio_flush_and_write_narrow_nolock 0000000180029548     libucrt:_flsbuf.obj
 0004:00001554       $pdata$_isatty             0000000180029554     libucrt:isatty.obj
 0004:00001560       $pdata$qsort               0000000180029560     libucrt:qsort.obj
 0004:0000156c       $pdata$4$qsort             000000018002956c     libucrt:qsort.obj
 0004:00001578       $pdata$5$qsort             0000000180029578     libucrt:qsort.obj
 0004:00001584       $pdata$strncpy_s           0000000180029584     libucrt:strncpy_s.obj
 0004:00001590       $pdata$fallbackMethod      0000000180029590     libucrt:strpbrk.obj
 0004:0000159c       $pdata$strpbrk             000000018002959c     libucrt:strpbrk.obj
 0004:000015a8       $pdata$??$__acrt_convert_wcs_mbs@D_W$$A6A_KPEA_WPEBD_KPEAU__crt_locale_pointers@@@ZU__crt_win32_buffer_internal_dynamic_resizing@@@@YAHQEBDAEAV?$__crt_win32_buffer@_WU__crt_win32_buffer_internal_dynamic_resizing@@@@A6A_KPEA_WPEBD_KPEAU__crt_locale_pointers@@@Z5@Z 00000001800295a8     libucrt:findfirstfileexa.obj
 0004:000015b4       $pdata$__acrt_FindFirstFileExA 00000001800295b4     libucrt:findfirstfileexa.obj
 0004:000015c0       $pdata$??$__acrt_convert_wcs_mbs@_WD$$A6A_KPEADPEB_W_KPEAU__crt_locale_pointers@@@ZU__crt_win32_buffer_no_resizing@@@@YAHQEB_WAEAV?$__crt_win32_buffer@DU__crt_win32_buffer_no_resizing@@@@A6A_KPEADPEB_W_KPEAU__crt_locale_pointers@@@Z5@Z 00000001800295c0     libucrt:findnextfilea.obj
 0004:000015cc       $pdata$__acrt_FindNextFileA 00000001800295cc     libucrt:findnextfilea.obj
 0004:000015d8       $pdata$_mbsdec_l           00000001800295d8     libucrt:mbsdec.obj
 0004:000015e4       $pdata$?_mbstowcs_l_helper@@YA_KPEA_WPEBD_KPEAU__crt_locale_pointers@@@Z 00000001800295e4     libucrt:mbstowcs.obj
 0004:000015f0       $pdata$?initialize_multibyte@@YAHXZ 00000001800295f0     libucrt:multibyte_initializer.obj
 0004:000015fc       $pdata$??$?RV<lambda_751a882b2c74d4b022dec766aa51a29a>@@AEAV<lambda_628dfdc04ba53c8bfc02c9951375f3f5>@@V<lambda_f6c7be5f7998530c34de24c7437d6b54>@@@?$__crt_seh_guarded_call@H@@QEAAH$$QEAV<lambda_751a882b2c74d4b022dec766aa51a29a>@@AEAV<lambda_628dfdc04ba53c8bfc02c9951375f3f5>@@$$QEAV<lambda_f6c7be5f7998530c34de24c7437d6b54>@@@Z 00000001800295fc     libucrt:close.obj
 0004:00001608       $pdata$_close              0000000180029608     libucrt:close.obj
 0004:00001614       $pdata$_close_nolock       0000000180029614     libucrt:close.obj
 0004:00001620       $pdata$??$common_lseek@_J@@YA_JH_JH@Z 0000000180029620     libucrt:lseek.obj
 0004:0000162c       $pdata$??$common_lseek_nolock@_J@@YA_JH_JH@Z 000000018002962c     libucrt:lseek.obj
 0004:00001638       $pdata$_putwch_nolock      0000000180029638     libucrt:putwch.obj
 0004:00001644       $pdata$?__mbrtoc32_utf8@__crt_mbstring@@YA_KPEA_UPEBD_KPEAU_Mbstatet@@@Z 0000000180029644     libucrt:mbrtoc32.obj
 0004:00001650       $pdata$fegetenv            0000000180029650     libucrt:fegetenv.obj
 0004:0000165c       $pdata$fesetenv            000000018002965c     libucrt:fesetenv.obj
 0004:00001668       $pdata$feholdexcept        0000000180029668     libucrt:feholdexcept.obj
 0004:00001680       $pdata$__acrt_stdio_allocate_buffer_nolock 0000000180029680     libucrt:_getbuf.obj
 0004:0000168c       $pdata$?_wcstombs_l_helper@@YA_KPEADPEB_W_KPEAU__crt_locale_pointers@@@Z 000000018002968c     libucrt:wcstombs.obj
 0004:00001698       $pdata$__dcrt_lowio_ensure_console_output_initialized 0000000180029698     libucrt:initcon.obj
 0004:000016a4       $pdata$__dcrt_terminate_console_output 00000001800296a4     libucrt:initcon.obj
 0004:000016b0       $pdata$__dcrt_write_console 00000001800296b0     libucrt:initcon.obj
 0004:000016bc       $pdata$__acrt_fenv_set_control 00000001800296bc     libucrt:_fenvutils.obj
 0004:000016c8       $pdata$_clearfp            00000001800296c8     libucrt:ieee.obj
 0004:000016d4       $pdata$_call_matherr       00000001800296d4     libucrt:libm_error.obj
 0004:000016e0       $pdata$_exception_enabled  00000001800296e0     libucrt:libm_error.obj
 0004:000016ec       $pdata$_handle_error       00000001800296ec     libucrt:libm_error.obj
 0004:000016f8       $pdata$__acrt_initialize_fma3 00000001800296f8     libucrt:fma3_available.obj
 0004:00001704       $pdata$_log10_special      0000000180029704     libucrt:log_special.obj
 0004:00001710       $pdata$_log_special_common 0000000180029710     libucrt:log_special.obj
 0004:0000171c       $pdata$?__wcsrtombs_utf8@__crt_mbstring@@YA_KPEADPEAPEB_W_KPEAU_Mbstatet@@@Z 000000018002971c     libucrt:wcrtomb.obj
 0004:00001734       $pdata$_raise_exc          0000000180029734     libucrt:fpexcept.obj
 0004:00001740       $pdata$_raise_exc_ex       0000000180029740     libucrt:fpexcept.obj
 0004:0000174c       $pdata$_set_errno_from_matherr 000000018002974c     libucrt:fpexcept.obj
 0004:00001758       $pdata$_clrfp              0000000180029758     libucrt:fpctrl.obj
 0004:00001764       $pdata$_ctrlfp             0000000180029764     libucrt:fpctrl.obj
 0004:00001770       $pdata$_set_statfp         0000000180029770     libucrt:fpctrl.obj
 0004:0000177c       $pdata$_statfp             000000018002977c     libucrt:fpctrl.obj
 0004:00001788       $pdata$?__c16rtomb_utf8@__crt_mbstring@@YA_KPEAD_SPEAU_Mbstatet@@@Z 0000000180029788     libucrt:c16rtomb.obj
 0004:00001794       $pdata$?__c32rtomb_utf8@__crt_mbstring@@YA_KPEAD_UPEAU_Mbstatet@@@Z 0000000180029794     libucrt:c32rtomb.obj
 0004:000017a0       $pdata$_IsNonwritableInCurrentImage 00000001800297a0     LIBCMT:pesect.obj
 0004:000017ac       $pdata$__GSHandlerCheck    00000001800297ac     LIBCMT:_gshandler_.obj
 0004:000017b8       $pdata$__GSHandlerCheckCommon 00000001800297b8     LIBCMT:_gshandler_.obj
 0004:000017d0       $pdata$__GSHandlerCheck_EH 00000001800297d0     LIBCMT:gshandlereh.obj
 0004:000017dc       $pdata$strrchr             00000001800297dc     libvcruntime:strrchr.obj
 0004:000017e8       $pdata$strchr              00000001800297e8     libvcruntime:strchr.obj
 0004:00001818       $pdata$__scrt_is_nonwritable_in_current_image$filt$0 0000000180029818     LIBCMT:utility.obj
 0004:00001824       $pdata$?fin$0@?0??dllmain_crt_process_attach@@YAHQEAUHINSTANCE__@@QEAX@Z@4HA 0000000180029824     LIBCMT:dll_dllmain.obj
 0004:00001830       $pdata$?fin$0@?0??dllmain_crt_process_detach@@YAH_N@Z@4HA 0000000180029830     LIBCMT:dll_dllmain.obj
 0004:0000183c       $pdata$?filt$0@?0??dllmain_dispatch@@YAHQEAUHINSTANCE__@@KQEAX@Z@4HA 000000018002983c     LIBCMT:dll_dllmain.obj
 0004:00001848       $pdata$_CallSETranslator$filt$0 0000000180029848     libvcruntime:risctrnsctrl.obj
 0004:00001854       $pdata$__CxxCallCatchBlock$filt$0 0000000180029854     libvcruntime:frame.obj
 0004:00001860       $pdata$__CxxCallCatchBlock$fin$1 0000000180029860     libvcruntime:frame.obj
 0004:0000186c       $pdata$__FrameUnwindToState$filt$0 000000018002986c     libvcruntime:frame.obj
 0004:00001878       $pdata$__FrameUnwindToState$fin$1 0000000180029878     libvcruntime:frame.obj
 0004:00001884       $pdata$__DestructExceptionObject$filt$0 0000000180029884     libvcruntime:ehhelpers.obj
 0004:00001890       $pdata$?fin$0@?0???$?RV<lambda_7777bce6b2f8c936911f934f8298dc43>@@AEAV<lambda_f03950bc5685219e0bcd2087efbe011e>@@V<lambda_3883c3dff614d5e0c5f61bb1ac94921c>@@@?$__crt_seh_guarded_call@H@@QEAAH$$QEAV<lambda_7777bce6b2f8c936911f934f8298dc43>@@AEAV<lambda_f03950bc5685219e0bcd2087efbe011e>@@$$QEAV<lambda_3883c3dff614d5e0c5f61bb1ac94921c>@@@Z@4HA 0000000180029890     libucrt:onexit.obj
 0004:00001890       $pdata$?fin$0@?0???$?RV<lambda_d80eeec6fff315bfe5c115232f3240e3>@@AEAV<lambda_6e4b09c48022b2350581041d5f6b0c4c>@@V<lambda_2358e3775559c9db80273638284d5e45>@@@?$__crt_seh_guarded_call@X@@QEAAX$$QEAV<lambda_d80eeec6fff315bfe5c115232f3240e3>@@AEAV<lambda_6e4b09c48022b2350581041d5f6b0c4c>@@$$QEAV<lambda_2358e3775559c9db80273638284d5e45>@@@Z@4HA 0000000180029890     libucrt:exit.obj
 0004:00001890       $pdata$?fin$0@?0???$?RV<lambda_8369fcb7c4df1e85de37618bd2b85f07>@@AEAV<lambda_a10e4b102d4a2c3aac6f4f48bbdf488f>@@V<lambda_5b7707bd6d7a0c4713179f36c7fd995d>@@@?$__crt_seh_guarded_call@H@@QEAAH$$QEAV<lambda_8369fcb7c4df1e85de37618bd2b85f07>@@AEAV<lambda_a10e4b102d4a2c3aac6f4f48bbdf488f>@@$$QEAV<lambda_5b7707bd6d7a0c4713179f36c7fd995d>@@@Z@4HA 0000000180029890     libucrt:onexit.obj
 0004:00001890       $pdata$?fin$0@?0???$?RV<lambda_f2e299630e499de9f9a165e60fcd3db5>@@AEAV<lambda_2ae9d31cdba2644fcbeaf08da7c24588>@@V<lambda_40d01ff24d0e7b3814fdbdcee8eab3c7>@@@?$__crt_seh_guarded_call@X@@QEAAX$$QEAV<lambda_f2e299630e499de9f9a165e60fcd3db5>@@AEAV<lambda_2ae9d31cdba2644fcbeaf08da7c24588>@@$$QEAV<lambda_40d01ff24d0e7b3814fdbdcee8eab3c7>@@@Z@4HA 0000000180029890     libucrt:per_thread_data.obj
 0004:00001890       $pdata$?fin$0@?0???$?RV<lambda_aa87e3671a710a21b5dc78c0bdf72e11>@@AEAV<lambda_92619d2358a28f41a33ba319515a20b9>@@V<lambda_6992ecaafeb10aed2b74cb1fae11a551>@@@?$__crt_seh_guarded_call@X@@QEAAX$$QEAV<lambda_aa87e3671a710a21b5dc78c0bdf72e11>@@AEAV<lambda_92619d2358a28f41a33ba319515a20b9>@@$$QEAV<lambda_6992ecaafeb10aed2b74cb1fae11a551>@@@Z@4HA 0000000180029890     libucrt:per_thread_data.obj
 0004:00001890       $pdata$?fin$0@?0???$?RV<lambda_0ae27a3a962d80f24befdcbee591983d>@@AEAV<lambda_8d0ee55de4b1038c4002e0adecdf1839>@@V<lambda_dc504788e8f1664fe9b84e20bfb512f2>@@@?$__crt_seh_guarded_call@X@@QEAAX$$QEAV<lambda_0ae27a3a962d80f24befdcbee591983d>@@AEAV<lambda_8d0ee55de4b1038c4002e0adecdf1839>@@$$QEAV<lambda_dc504788e8f1664fe9b84e20bfb512f2>@@@Z@4HA 0000000180029890     libucrt:per_thread_data.obj
 0004:00001890       $pdata$?fin$0@?0???$?RV<lambda_450d765d439847d4c735a33c368b5fc0>@@AEAV<lambda_44731a7d0e6d81c3e6aa82d741081786>@@V<lambda_601a2a7da3b7a96e9554ac7215c4b07c>@@@?$__crt_seh_guarded_call@P6AXH@Z@@QEAAP6AXH@Z$$QEAV<lambda_450d765d439847d4c735a33c368b5fc0>@@AEAV<lambda_44731a7d0e6d81c3e6aa82d741081786>@@$$QEAV<lambda_601a2a7da3b7a96e9554ac7215c4b07c>@@@Z@4HA 0000000180029890     libucrt:signal.obj
 0004:00001890       $pdata$?fin$0@?0???$?RV<lambda_2d41944a1d46af3157314b8a01080d33>@@AEAV<lambda_8f455de75cd7d7f24b4096f044d8b9e6>@@V<lambda_aa500f224e6afead328df44964fe2772>@@@?$__crt_seh_guarded_call@X@@QEAAX$$QEAV<lambda_2d41944a1d46af3157314b8a01080d33>@@AEAV<lambda_8f455de75cd7d7f24b4096f044d8b9e6>@@$$QEAV<lambda_aa500f224e6afead328df44964fe2772>@@@Z@4HA 0000000180029890     libucrt:per_thread_data.obj
 0004:00001890       $pdata$?fin$0@?0???$?RV<lambda_efdfa57d1f175319df784efa44bb7b81>@@AEAV<lambda_5f0a4c1567f8adc6734073e5d1e1b35c>@@V<lambda_2e8a7d3640ea6ccb4c2413664c2db6fd>@@@?$__crt_seh_guarded_call@X@@QEAAX$$QEAV<lambda_efdfa57d1f175319df784efa44bb7b81>@@AEAV<lambda_5f0a4c1567f8adc6734073e5d1e1b35c>@@$$QEAV<lambda_2e8a7d3640ea6ccb4c2413664c2db6fd>@@@Z@4HA 0000000180029890     libucrt:mbctype.obj
 0004:0000189c       $pdata$?filt$0@?0???R<lambda_6e4b09c48022b2350581041d5f6b0c4c>@@QEBA@XZ@4HA 000000018002989c     libucrt:exit.obj
 0004:000018a8       $pdata$?fin$0@?0???$?RV<lambda_a62c933ada0517137acf5807a1eeac1f>@@AEAV<lambda_a31071773b9a94e445cbd5d04ef99106>@@V<lambda_56065050dbf3ada7e59a83db45153de3>@@@?$__crt_seh_guarded_call@H@@QEAAH$$QEAV<lambda_a62c933ada0517137acf5807a1eeac1f>@@AEAV<lambda_a31071773b9a94e445cbd5d04ef99106>@@$$QEAV<lambda_56065050dbf3ada7e59a83db45153de3>@@@Z@4HA 00000001800298a8     libucrt:output.obj
 0004:000018a8       $pdata$?fin$0@?0???$?RV<lambda_842d9ff0dc9ef11c61343bbaebe7f885>@@AEAV<lambda_c5860995281e5c4ce005b3de8f5874ee>@@V<lambda_d90129c13df834fdcbf8d2b88dafcf2d>@@@?$__crt_seh_guarded_call@X@@QEAAX$$QEAV<lambda_842d9ff0dc9ef11c61343bbaebe7f885>@@AEAV<lambda_c5860995281e5c4ce005b3de8f5874ee>@@$$QEAV<lambda_d90129c13df834fdcbf8d2b88dafcf2d>@@@Z@4HA 00000001800298a8     libucrt:fflush.obj
 0004:000018b4       $pdata$_query_new_handler$fin$0 00000001800298b4     libucrt:new_handler.obj
 0004:000018c0       $pdata$?fin$0@?0???$?RV<lambda_410d79af7f07d98d83a3f525b3859a53>@@AEAV<lambda_3e16ef9562a7dcce91392c22ab16ea36>@@V<lambda_38119f0e861e05405d8a144b9b982f0a>@@@?$__crt_seh_guarded_call@X@@QEAAX$$QEAV<lambda_410d79af7f07d98d83a3f525b3859a53>@@AEAV<lambda_3e16ef9562a7dcce91392c22ab16ea36>@@$$QEAV<lambda_38119f0e861e05405d8a144b9b982f0a>@@@Z@4HA 00000001800298c0     libucrt:wsetlocale.obj
 0004:000018cc       $pdata$_fcloseall$fin$0    00000001800298cc     libucrt:closeall.obj
 0004:000018d8       $pdata$?fin$0@?0???$?RV<lambda_886d6c58226a84441f68b9f2b8217b83>@@AEAV<lambda_ab61a845afdef5b7c387490eaf3616ee>@@V<lambda_f7f22ab5edc0698d5f6905b0d3f44752>@@@?$__crt_seh_guarded_call@X@@QEAAX$$QEAV<lambda_886d6c58226a84441f68b9f2b8217b83>@@AEAV<lambda_ab61a845afdef5b7c387490eaf3616ee>@@$$QEAV<lambda_f7f22ab5edc0698d5f6905b0d3f44752>@@@Z@4HA 00000001800298d8     libucrt:fflush.obj
 0004:000018e4       $pdata$__acrt_lowio_ensure_fh_exists$fin$0 00000001800298e4     libucrt:osfinfo.obj
 0004:000018e4       $pdata$__acrt_initialize_lowio$fin$0 00000001800298e4     libucrt:ioinit.obj
 0004:000018f0       $pdata$?fin$0@?0??update_thread_multibyte_data_internal@@YAPEAU__crt_multibyte_data@@QEAU__acrt_ptd@@QEAPEAU1@@Z@4HA 00000001800298f0     libucrt:mbctype.obj
 0004:000018fc       $pdata$raise$fin$0         00000001800298fc     libucrt:signal.obj
 0004:00001908       $pdata$__acrt_update_thread_locale_data$fin$0 0000000180029908     libucrt:locale_refcounting.obj
 0004:00001914       $pdata$fclose$fin$0        0000000180029914     libucrt:fclose.obj
 0004:00001920       $pdata$?fin$0@?0???$?RV<lambda_751a882b2c74d4b022dec766aa51a29a>@@AEAV<lambda_628dfdc04ba53c8bfc02c9951375f3f5>@@V<lambda_f6c7be5f7998530c34de24c7437d6b54>@@@?$__crt_seh_guarded_call@H@@QEAAH$$QEAV<lambda_751a882b2c74d4b022dec766aa51a29a>@@AEAV<lambda_628dfdc04ba53c8bfc02c9951375f3f5>@@$$QEAV<lambda_f6c7be5f7998530c34de24c7437d6b54>@@@Z@4HA 0000000180029920     libucrt:close.obj
 0004:00001920       $pdata$?fin$0@?0???$?RV<lambda_a37b2b86f63e897a80ea819b0eb08c01>@@AEAV<lambda_38ce7e780aa69e748d6df282ebc68efe>@@V<lambda_99fb1378e971ab6e7edea83e3a7a83a2>@@@?$__crt_seh_guarded_call@H@@QEAAH$$QEAV<lambda_a37b2b86f63e897a80ea819b0eb08c01>@@AEAV<lambda_38ce7e780aa69e748d6df282ebc68efe>@@$$QEAV<lambda_99fb1378e971ab6e7edea83e3a7a83a2>@@@Z@4HA 0000000180029920     libucrt:commit.obj
 0004:0000192c       $pdata$?fin$0@?0???$common_lseek@_J@@YA_JH_JH@Z@4HA 000000018002992c     libucrt:lseek.obj
 0004:0000192c       $pdata$_write$fin$0        000000018002992c     libucrt:write.obj
 0004:00001938       $pdata$_ctrlfp$filt$0      0000000180029938     libucrt:fpctrl.obj
 0004:00001944       $pdata$_IsNonwritableInCurrentImage$filt$0 0000000180029944     LIBCMT:pesect.obj
 0004:00001950       $pdata$??__FdeviceMap@@YAXXZ 0000000180029950     deviceList.obj
 0005:00000060       $R000000                   000000018002a060     * linker generated manifest res *

 Exports

  ordinal    name

        1    _register_detection_
